Component: Arm Compiler for Embedded 6.24 Tool: armlink [5f371500]

==============================================================================

Section Cross References

    startup_stm32l073xx.o(STACK) refers (Special) to heapauxi.o(.text) for __use_two_region_memory
    startup_stm32l073xx.o(HEAP) refers (Special) to heapauxi.o(.text) for __use_two_region_memory
    startup_stm32l073xx.o(RESET) refers (Special) to heapauxi.o(.text) for __use_two_region_memory
    startup_stm32l073xx.o(RESET) refers to startup_stm32l073xx.o(STACK) for __initial_sp
    startup_stm32l073xx.o(RESET) refers to startup_stm32l073xx.o(.text) for Reset_Handler
    startup_stm32l073xx.o(RESET) refers to stm32l0xx_it.o(.text.NMI_Handler) for NMI_Handler
    startup_stm32l073xx.o(RESET) refers to stm32l0xx_it.o(.text.HardFault_Handler) for HardFault_Handler
    startup_stm32l073xx.o(RESET) refers to stm32l0xx_it.o(.text.SVC_Handler) for SVC_Handler
    startup_stm32l073xx.o(RESET) refers to stm32l0xx_it.o(.text.PendSV_Handler) for PendSV_Handler
    startup_stm32l073xx.o(RESET) refers to stm32l0xx_it.o(.text.SysTick_Handler) for SysTick_Handler
    startup_stm32l073xx.o(.text) refers (Special) to heapauxi.o(.text) for __use_two_region_memory
    startup_stm32l073xx.o(.text) refers to system_stm32l0xx.o(.text.SystemInit) for SystemInit
    startup_stm32l073xx.o(.text) refers to __main.o(!!!main) for __main
    startup_stm32l073xx.o(.text) refers to startup_stm32l073xx.o(HEAP) for Heap_Mem
    startup_stm32l073xx.o(.text) refers to startup_stm32l073xx.o(STACK) for Stack_Mem
    i2c_lcd.o(.text.lcd_send_cmd) refers to stm32l0xx_hal_i2c.o(.text.HAL_I2C_Master_Transmit) for HAL_I2C_Master_Transmit
    i2c_lcd.o(.text.lcd_send_cmd) refers to main.o(.bss..L_MergedGlobals) for hi2c1
    i2c_lcd.o(.ARM.exidx.text.lcd_send_cmd) refers to i2c_lcd.o(.text.lcd_send_cmd) for [Anonymous Symbol]
    i2c_lcd.o(.text.lcd_send_data) refers to stm32l0xx_hal_i2c.o(.text.HAL_I2C_Master_Transmit) for HAL_I2C_Master_Transmit
    i2c_lcd.o(.text.lcd_send_data) refers to main.o(.bss..L_MergedGlobals) for hi2c1
    i2c_lcd.o(.ARM.exidx.text.lcd_send_data) refers to i2c_lcd.o(.text.lcd_send_data) for [Anonymous Symbol]
    i2c_lcd.o(.text.lcd_clear) refers to stm32l0xx_hal_i2c.o(.text.HAL_I2C_Master_Transmit) for HAL_I2C_Master_Transmit
    i2c_lcd.o(.text.lcd_clear) refers to stm32l0xx_hal.o(.text.HAL_Delay) for HAL_Delay
    i2c_lcd.o(.text.lcd_clear) refers to main.o(.bss..L_MergedGlobals) for hi2c1
    i2c_lcd.o(.ARM.exidx.text.lcd_clear) refers to i2c_lcd.o(.text.lcd_clear) for [Anonymous Symbol]
    i2c_lcd.o(.text.lcd_put_cur) refers to stm32l0xx_hal_i2c.o(.text.HAL_I2C_Master_Transmit) for HAL_I2C_Master_Transmit
    i2c_lcd.o(.text.lcd_put_cur) refers to main.o(.bss..L_MergedGlobals) for hi2c1
    i2c_lcd.o(.ARM.exidx.text.lcd_put_cur) refers to i2c_lcd.o(.text.lcd_put_cur) for [Anonymous Symbol]
    i2c_lcd.o(.text.lcd_init) refers to stm32l0xx_hal.o(.text.HAL_Delay) for HAL_Delay
    i2c_lcd.o(.text.lcd_init) refers to stm32l0xx_hal_i2c.o(.text.HAL_I2C_Master_Transmit) for HAL_I2C_Master_Transmit
    i2c_lcd.o(.text.lcd_init) refers to main.o(.bss..L_MergedGlobals) for hi2c1
    i2c_lcd.o(.ARM.exidx.text.lcd_init) refers to i2c_lcd.o(.text.lcd_init) for [Anonymous Symbol]
    i2c_lcd.o(.text.lcd_send_string) refers to stm32l0xx_hal_i2c.o(.text.HAL_I2C_Master_Transmit) for HAL_I2C_Master_Transmit
    i2c_lcd.o(.text.lcd_send_string) refers to main.o(.bss..L_MergedGlobals) for hi2c1
    i2c_lcd.o(.ARM.exidx.text.lcd_send_string) refers to i2c_lcd.o(.text.lcd_send_string) for [Anonymous Symbol]
    main.o(.text) refers (Special) to _printf_percent.o(.ARM.Collect$$_printf_percent$$00000000) for _printf_percent
    main.o(.text) refers (Special) to _printf_pad.o(.text) for _printf_pre_padding
    main.o(.text) refers (Special) to _printf_d.o(.ARM.Collect$$_printf_percent$$00000009) for _printf_d
    main.o(.text) refers (Special) to _printf_dec.o(.text) for _printf_int_dec
    main.o(.text.main) refers (Special) to _printf_percent.o(.ARM.Collect$$_printf_percent$$00000000) for _printf_percent
    main.o(.text.main) refers (Special) to _printf_pad.o(.text) for _printf_pre_padding
    main.o(.text.main) refers (Special) to _printf_d.o(.ARM.Collect$$_printf_percent$$00000009) for _printf_d
    main.o(.text.main) refers (Special) to _printf_dec.o(.text) for _printf_int_dec
    main.o(.text.main) refers to stm32l0xx_hal.o(.text.HAL_Init) for HAL_Init
    main.o(.text.main) refers to rt_memclr.o(.text) for __aeabi_memclr4
    main.o(.text.main) refers to stm32l0xx_hal_rcc.o(.text.HAL_RCC_OscConfig) for HAL_RCC_OscConfig
    main.o(.text.main) refers to stm32l0xx_hal_rcc.o(.text.HAL_RCC_ClockConfig) for HAL_RCC_ClockConfig
    main.o(.text.main) refers to stm32l0xx_hal_rcc_ex.o(.text.HAL_RCCEx_PeriphCLKConfig) for HAL_RCCEx_PeriphCLKConfig
    main.o(.text.main) refers to stm32l0xx_hal_gpio.o(.text.HAL_GPIO_WritePin) for HAL_GPIO_WritePin
[...]
    ../clib/angel/sysapp.c                   0x00000000   Number         0  sys_exit_hlt.o ABSOLUTE
    ../clib/angel/sysapp.c                   0x00000000   Number         0  sys_wrch.o ABSOLUTE
    ../clib/angel/sysapp.c                   0x00000000   Number         0  sys_wrch_hlt.o ABSOLUTE
    ../clib/angel/sysapp.c                   0x00000000   Number         0  sys_command.o ABSOLUTE
    ../clib/angel/sysapp.c                   0x00000000   Number         0  sys_command_hlt.o ABSOLUTE
    ../clib/armsys.c                         0x00000000   Number         0  argv_veneer.o ABSOLUTE
    ../clib/armsys.c                         0x00000000   Number         0  _get_argv_nomalloc.o ABSOLUTE
    ../clib/armsys.c                         0x00000000   Number         0  no_argv.o ABSOLUTE
    ../clib/division.c                       0x00000000   Number         0  lludiv.o ABSOLUTE
    ../clib/division.c                       0x00000000   Number         0  rtudiv10.o ABSOLUTE
    ../clib/division.s                       0x00000000   Number         0  aeabi_sdivfast.o ABSOLUTE
    ../clib/division.s                       0x00000000   Number         0  aeabi_sdivfast_div0.o ABSOLUTE
    ../clib/heapalloc.c                      0x00000000   Number         0  hrguard.o ABSOLUTE
    ../clib/heapaux.c                        0x00000000   Number         0  heapauxi.o ABSOLUTE
    ../clib/libinit.s                        0x00000000   Number         0  libinit.o ABSOLUTE
    ../clib/libinit.s                        0x00000000   Number         0  libinit2.o ABSOLUTE
    ../clib/libinit.s                        0x00000000   Number         0  libshutdown.o ABSOLUTE
    ../clib/libinit.s                        0x00000000   Number         0  libshutdown2.o ABSOLUTE
    ../clib/memcpset.c                       0x00000000   Number         0  rt_memclr.o ABSOLUTE
    ../clib/misc.s                           0x00000000   Number         0  printf_stubs.o ABSOLUTE
    ../clib/printf.c                         0x00000000   Number         0  __2sprintf.o ABSOLUTE
    ../clib/printf.c                         0x00000000   Number         0  noretval__2sprintf.o ABSOLUTE
    ../clib/printf.c                         0x00000000   Number         0  __printf.o ABSOLUTE
    ../clib/printf.c                         0x00000000   Number         0  _printf_pad.o ABSOLUTE
    ../clib/printf.c                         0x00000000   Number         0  _printf_dec.o ABSOLUTE
    ../clib/printf.c                         0x00000000   Number         0  __printf_flags.o ABSOLUTE
    ../clib/printf.c                         0x00000000   Number         0  __printf_ss.o ABSOLUTE
    ../clib/printf.c                         0x00000000   Number         0  __printf_flags_ss.o ABSOLUTE
    ../clib/printf.c                         0x00000000   Number         0  __printf_wp.o ABSOLUTE
    ../clib/printf.c                         0x00000000   Number         0  __printf_flags_wp.o ABSOLUTE
    ../clib/printf.c                         0x00000000   Number         0  __printf_ss_wp.o ABSOLUTE
    ../clib/printf.c                         0x00000000   Number         0  __printf_flags_ss_wp.o ABSOLUTE
    ../clib/printf.c                         0x00000000   Number         0  _printf_intcommon.o ABSOLUTE
    ../clib/printf.c                         0x00000000   Number         0  _printf_char_common.o ABSOLUTE
    ../clib/printf.c                         0x00000000   Number         0  _sputc.o ABSOLUTE
    ../clib/printf.c                         0x00000000   Number         0  __printf_nopercent.o ABSOLUTE
    ../clib/printf_percent.s                 0x00000000   Number         0  _printf_d.o ABSOLUTE
    ../clib/printf_percent.s                 0x00000000   Number         0  _printf_percent.o ABSOLUTE
    ../clib/printf_percent.s                 0x00000000   Number         0  _printf_percent_end.o ABSOLUTE
    ../clib/signal.c                         0x00000000   Number         0  defsig_fpe_outer.o ABSOLUTE
    ../clib/signal.c                         0x00000000   Number         0  defsig_fpe_formal.o ABSOLUTE
    ../clib/signal.c                         0x00000000   Number         0  defsig_exit.o ABSOLUTE
    ../clib/signal.c                         0x00000000   Number         0  defsig_fpe_inner.o ABSOLUTE
    ../clib/signal.c                         0x00000000   Number         0  __raise.o ABSOLUTE
    ../clib/signal.c                         0x00000000   Number         0  defsig_general.o ABSOLUTE
    ../clib/signal.c                         0x00000000   Number         0  defsig_abrt_inner.o ABSOLUTE
    ../clib/signal.c                         0x00000000   Number         0  defsig_rtred_inner.o ABSOLUTE
    ../clib/signal.c                         0x00000000   Number         0  defsig_rtmem_inner.o ABSOLUTE
    ../clib/signal.c                         0x00000000   Number         0  defsig_rtmem_outer.o ABSOLUTE
    ../clib/signal.c                         0x00000000   Number         0  defsig_rtmem_formal.o ABSOLUTE
    ../clib/signal.c                         0x00000000   Number         0  defsig_stak_inner.o ABSOLUTE
    ../clib/signal.c                         0x00000000   Number         0  defsig_pvfn_inner.o ABSOLUTE
    ../clib/signal.c                         0x00000000   Number         0  defsig_cppl_inner.o ABSOLUTE
    ../clib/signal.c                         0x00000000   Number         0  defsig_segv_inner.o ABSOLUTE
    ../clib/signal.c                         0x00000000   Number         0  defsig_other.o ABSOLUTE
    ../clib/signal.s                         0x00000000   Number         0  defsig.o ABSOLUTE
    ../clib/stdlib.c                         0x00000000   Number         0  exit.o ABSOLUTE
    ../clib/string.c                         0x00000000   Number         0  strlen.o ABSOLUTE
    ../fplib/cfplib/cmp.c                    0x00000000   Number         0  fcmp.o ABSOLUTE
    ../fplib/cfplib/cmpret.c                 0x00000000   Number         0  cmpret.o ABSOLUTE
    ../fplib/cfplib/dmul.c                   0x00000000   Number         0  dmul.o ABSOLUTE
    ../fplib/cfplib/f2d.c                    0x00000000   Number         0  f2d.o ABSOLUTE
    ../fplib/cfplib/fcmpin.c                 0x00000000   Number         0  fcmpin.o ABSOLUTE
    ../fplib/cfplib/fdiv.c                   0x00000000   Number         0  fdiv.o ABSOLUTE
    ../fplib/cfplib/ffix.c                   0x00000000   Number         0  dfixi.o ABSOLUTE
    ../fplib/cfplib/ffix.c                   0x00000000   Number         0  ffixi.o ABSOLUTE
    ../fplib/cfplib/fflt.c                   0x00000000   Number         0  fflti.o ABSOLUTE
    ../fplib/cfplib/fpinit.c                 0x00000000   Number         0  fpinit.o ABSOLUTE
    ../fplib/cfplib/nan2.c                   0x00000000   Number         0  fnan2.o ABSOLUTE
    ../fplib/cfplib/retnan.c                 0x00000000   Number         0  retnan.o ABSOLUTE
    ../fplib/faddsub6m.s                     0x00000000   Number         0  faddsub.o ABSOLUTE
    ../fplib/feqf6m.s                        0x00000000   Number         0  feqf.o ABSOLUTE
    ../fplib/fgeqf6m.s                       0x00000000   Number         0  fgef.o ABSOLUTE
    ../fplib/fleqf6m.s                       0x00000000   Number         0  flef.o ABSOLUTE
    ../fplib/fmul6m.s                        0x00000000   Number         0  fmul.o ABSOLUTE
    ../fplib/usenofp.s                       0x00000000   Number         0  usenofp.o ABSOLUTE
    dc.s                                     0x00000000   Number         0  dc.o ABSOLUTE
    i2c_lcd.c                                0x00000000   Number         0  i2c_lcd.o ABSOLUTE
    main.c                                   0x00000000   Number         0  main.o ABSOLUTE
    startup_stm32l073xx.s                    0x00000000   Number         0  startup_stm32l073xx.o ABSOLUTE
    stm32l0xx_hal.c                          0x00000000   Number         0  stm32l0xx_hal.o ABSOLUTE
    stm32l0xx_hal_adc.c                      0x00000000   Number         0  stm32l0xx_hal_adc.o ABSOLUTE
    stm32l0xx_hal_adc_ex.c                   0x00000000   Number         0  stm32l0xx_hal_adc_ex.o ABSOLUTE
    stm32l0xx_hal_cortex.c                   0x00000000   Number         0  stm32l0xx_hal_cortex.o ABSOLUTE
    stm32l0xx_hal_dma.c                      0x00000000   Number         0  stm32l0xx_hal_dma.o ABSOLUTE
    stm32l0xx_hal_exti.c                     0x00000000   Number         0  stm32l0xx_hal_exti.o ABSOLUTE
    stm32l0xx_hal_flash.c                    0x00000000   Number         0  stm32l0xx_hal_flash.o ABSOLUTE
    stm32l0xx_hal_flash_ex.c                 0x00000000   Number         0  stm32l0xx_hal_flash_ex.o ABSOLUTE
    stm32l0xx_hal_flash_ramfunc.c            0x00000000   Number         0  stm32l0xx_hal_flash_ramfunc.o ABSOLUTE
    stm32l0xx_hal_gpio.c                     0x00000000   Number         0  stm32l0xx_hal_gpio.o ABSOLUTE
    stm32l0xx_hal_i2c.c                      0x00000000   Number         0  stm32l0xx_hal_i2c.o ABSOLUTE
    stm32l0xx_hal_i2c_ex.c                   0x00000000   Number         0  stm32l0xx_hal_i2c_ex.o ABSOLUTE
    stm32l0xx_hal_msp.c                      0x00000000   Number         0  stm32l0xx_hal_msp.o ABSOLUTE
    stm32l0xx_hal_pwr.c                      0x00000000   Number         0  stm32l0xx_hal_pwr.o ABSOLUTE
    stm32l0xx_hal_pwr_ex.c                   0x00000000   Number         0  stm32l0xx_hal_pwr_ex.o ABSOLUTE
    stm32l0xx_hal_rcc.c                      0x00000000   Number         0  stm32l0xx_hal_rcc.o ABSOLUTE
    stm32l0xx_hal_rcc_ex.c                   0x00000000   Number         0  stm32l0xx_hal_rcc_ex.o ABSOLUTE
    stm32l0xx_hal_uart.c                     0x00000000   Number         0  stm32l0xx_hal_uart.o ABSOLUTE
    stm32l0xx_hal_uart_ex.c                  0x00000000   Number         0  stm32l0xx_hal_uart_ex.o ABSOLUTE
    stm32l0xx_it.c                           0x00000000   Number         0  stm32l0xx_it.o ABSOLUTE
    system_stm32l0xx.c                       0x00000000   Number         0  system_stm32l0xx.o ABSOLUTE
    RESET                                    0x08000000   Section      192  startup_stm32l073xx.o(RESET)
    !!!main                                  0x080000c0   Section        8  __main.o(!!!main)
    !!!scatter                               0x080000c8   Section       84  __scatter.o(!!!scatter)
    !!handler_copy                           0x0800011c   Section       26  __scatter_copy.o(!!handler_copy)
    !!handler_null                           0x08000138   Section        2  __scatter.o(!!handler_null)
    !!handler_zi                             0x0800013c   Section       28  __scatter_zi.o(!!handler_zi)
    .ARM.Collect$$_printf_percent$$00000000  0x08000158   Section        2  _printf_percent.o(.ARM.Collect$$_printf_percent$$00000000)
    .ARM.Collect$$_printf_percent$$00000009  0x0800015a   Section       10  _printf_d.o(.ARM.Collect$$_printf_percent$$00000009)
    .ARM.Collect$$_printf_percent$$00000017  0x08000164   Section        4  _printf_percent_end.o(.ARM.Collect$$_printf_percent$$00000017)
    .ARM.Collect$$libinit$$00000000          0x08000168   Section        2  libinit.o(.ARM.Collect$$libinit$$00000000)
    .ARM.Collect$$libinit$$00000002          0x0800016a   Section        0  libinit2.o(.ARM.Collect$$libinit$$00000002)
    .ARM.Collect$$libinit$$00000004          0x0800016a   Section        0  libinit2.o(.ARM.Collect$$libinit$$00000004)
    .ARM.Collect$$libinit$$00000006          0x0800016a   Section        0  libinit2.o(.ARM.Collect$$libinit$$00000006)
    .ARM.Collect$$libinit$$0000000C          0x0800016a   Section        0  libinit2.o(.ARM.Collect$$libinit$$0000000C)
    .ARM.Collect$$libinit$$0000000E          0x0800016a   Section        0  libinit2.o(.ARM.Collect$$libinit$$0000000E)
    .ARM.Collect$$libinit$$00000010          0x0800016a   Section        0  libinit2.o(.ARM.Collect$$libinit$$00000010)
    .ARM.Collect$$libinit$$00000013          0x0800016a   Section        0  libinit2.o(.ARM.Collect$$libinit$$00000013)
    .ARM.Collect$$libinit$$00000015          0x0800016a   Section        0  libinit2.o(.ARM.Collect$$libinit$$00000015)
    .ARM.Collect$$libinit$$00000017          0x0800016a   Section        0  libinit2.o(.ARM.Collect$$libinit$$00000017)
    .ARM.Collect$$libinit$$00000019          0x0800016a   Section        0  libinit2.o(.ARM.Collect$$libinit$$00000019)
    .ARM.Collect$$libinit$$0000001B          0x0800016a   Section        0  libinit2.o(.ARM.Collect$$libinit$$0000001B)
    .ARM.Collect$$libinit$$0000001D          0x0800016a   Section        0  libinit2.o(.ARM.Collect$$libinit$$0000001D)
    .ARM.Collect$$libinit$$0000001F          0x0800016a   Section        0  libinit2.o(.ARM.Collect$$libinit$$0000001F)
    .ARM.Collect$$libinit$$00000021          0x0800016a   Section        0  libinit2.o(.ARM.Collect$$libinit$$00000021)
    .ARM.Collect$$libinit$$00000023          0x0800016a   Section        0  libinit2.o(.ARM.Collect$$libinit$$00000023)
    .ARM.Collect$$libinit$$00000025          0x0800016a   Section        0  libinit2.o(.ARM.Collect$$libinit$$00000025)
    .ARM.Collect$$libinit$$00000027          0x0800016a   Section        0  libinit2.o(.ARM.Collect$$libinit$$00000027)
    .ARM.Collect$$libinit$$0000002E          0x0800016a   Section        0  libinit2.o(.ARM.Collect$$libinit$$0000002E)
    .ARM.Collect$$libinit$$00000030          0x0800016a   Section        0  libinit2.o(.ARM.Collect$$libinit$$00000030)
    .ARM.Collect$$libinit$$00000032          0x0800016a   Section        0  libinit2.o(.ARM.Collect$$libinit$$00000032)
    .ARM.Collect$$libinit$$00000034          0x0800016a   Section        0  libinit2.o(.ARM.Collect$$libinit$$00000034)
    .ARM.Collect$$libinit$$00000035          0x0800016a   Section        2  libinit2.o(.ARM.Collect$$libinit$$00000035)
    .ARM.Collect$$libshutdown$$00000000      0x0800016c   Section        2  libshutdown.o(.ARM.Collect$$libshutdown$$00000000)
    .ARM.Collect$$libshutdown$$00000002      0x0800016e   Section        0  libshutdown2.o(.ARM.Collect$$libshutdown$$00000002)
    .ARM.Collect$$libshutdown$$00000004      0x0800016e   Section        0  libshutdown2.o(.ARM.Collect$$libshutdown$$00000004)
    .ARM.Collect$$libshutdown$$00000007      0x0800016e   Section        0  libshutdown2.o(.ARM.Collect$$libshutdown$$00000007)
    .ARM.Collect$$libshutdown$$0000000A      0x0800016e   Section        0  libshutdown2.o(.ARM.Collect$$libshutdown$$0000000A)
    .ARM.Collect$$libshutdown$$0000000C      0x0800016e   Section        0  libshutdown2.o(.ARM.Collect$$libshutdown$$0000000C)
    .ARM.Collect$$libshutdown$$0000000F      0x0800016e   Section        0  libshutdown2.o(.ARM.Collect$$libshutdown$$0000000F)
    .ARM.Collect$$libshutdown$$00000010      0x0800016e   Section        2  libshutdown2.o(.ARM.Collect$$libshutdown$$00000010)
    .ARM.Collect$$rtentry$$00000000          0x08000170   Section        0  __rtentry.o(.ARM.Collect$$rtentry$$00000000)
    .ARM.Collect$$rtentry$$00000002          0x08000170   Section        0  __rtentry2.o(.ARM.Collect$$rtentry$$00000002)
    .ARM.Collect$$rtentry$$00000004          0x08000170   Section        6  __rtentry4.o(.ARM.Collect$$rtentry$$00000004)
    .ARM.Collect$$rtentry$$00000009          0x08000176   Section        0  __rtentry2.o(.ARM.Collect$$rtentry$$00000009)
    .ARM.Collect$$rtentry$$0000000A          0x08000176   Section        4  __rtentry2.o(.ARM.Collect$$rtentry$$0000000A)
    .ARM.Collect$$rtentry$$0000000C          0x0800017a   Section        0  __rtentry2.o(.ARM.Collect$$rtentry$$0000000C)
    .ARM.Collect$$rtentry$$0000000D          0x0800017a   Section        8  __rtentry2.o(.ARM.Collect$$rtentry$$0000000D)
    .ARM.Collect$$rtexit$$00000000           0x08000182   Section        2  rtexit.o(.ARM.Collect$$rtexit$$00000000)
    .ARM.Collect$$rtexit$$00000002           0x08000184   Section        0  rtexit2.o(.ARM.Collect$$rtexit$$00000002)
    .ARM.Collect$$rtexit$$00000003           0x08000184   Section        4  rtexit2.o(.ARM.Collect$$rtexit$$00000003)
    .ARM.Collect$$rtexit$$00000004           0x08000188   Section        6  rtexit2.o(.ARM.Collect$$rtexit$$00000004)
    .text                                    0x08000190   Section       56  startup_stm32l073xx.o(.text)
    .text                                    0x080001c8   Section        0  lludiv.o(.text)
    .text                                    0x080002d8   Section        0  noretval__2sprintf.o(.text)
    .text                                    0x08000300   Section        0  _printf_pad.o(.text)
    .text                                    0x08000350   Section        0  _printf_dec.o(.text)
    .text                                    0x080003bc   Section        0  __printf_flags_wp.o(.text)
    .text                                    0x080004f4   Section        0  strlen.o(.text)
    .text                                    0x08000538   Section        0  rt_memclr.o(.text)
    .text                                    0x08000578   Section        0  heapauxi.o(.text)
    .text                                    0x08000580   Section        0  dfixi.o(.text)
    .text                                    0x080005ec   Section        0  dmul.o(.text)
    .text                                    0x08000834   Section        0  f2d.o(.text)
    .text                                    0x08000888   Section        0  fdiv.o(.text)
    .text                                    0x080009e8   Section        0  ffixi.o(.text)
    .text                                    0x08000a34   Section        0  fflti.o(.text)
    .text                                    0x08000a92   Section        0  _printf_intcommon.o(.text)
    _printf_input_char                       0x08000b45   Thumb Code    10  _printf_char_common.o(.text)
    .text                                    0x08000b44   Section        0  _printf_char_common.o(.text)
    .text                                    0x08000b74   Section        0  _sputc.o(.text)
    .text                                    0x08000b7e   Section        0  rtudiv10.o(.text)
    .text                                    0x08000ba8   Section        0  fcmpin.o(.text)
    .text                                    0x08000c0c   Section       62  sys_stackheap_outer.o(.text)
    .text                                    0x08000c4a   Section        0  exit.o(.text)
    .text                                    0x08000c5a   Section        0  cmpret.o(.text)
    .text                                    0x08000c88   Section        0  fnan2.o(.text)
    .text                                    0x08000c98   Section        8  libspace.o(.text)
    .text                                    0x08000ca0   Section        0  retnan.o(.text)
    .text                                    0x08000d00   Section        0  sys_exit.o(.text)
    .text                                    0x08000d0c   Section        2  use_no_semi.o(.text)
    .text                                    0x08000d0e   Section        0  indicate_semi.o(.text)
    ADC_Enable                               0x08000d11   Thumb Code   188  stm32l0xx_hal_adc.o(.text.ADC_Enable)
    [Anonymous Symbol]                       0x08000d10   Section        0  stm32l0xx_hal_adc.o(.text.ADC_Enable)
    __arm_cp.5_0                             0x08000dcc   Number         4  stm32l0xx_hal_adc.o(.text.ADC_Enable)
    [Anonymous Symbol]                       0x08000dd0   Section        0  stm32l0xx_hal_adc.o(.text.HAL_ADC_ConfigChannel)
    __arm_cp.22_0                            0x08000edc   Number         4  stm32l0xx_hal_adc.o(.text.HAL_ADC_ConfigChannel)
    __arm_cp.22_2                            0x08000ee0   Number         4  stm32l0xx_hal_adc.o(.text.HAL_ADC_ConfigChannel)
    __arm_cp.22_3                            0x08000ee4   Number         4  stm32l0xx_hal_adc.o(.text.HAL_ADC_ConfigChannel)
    __arm_cp.22_4                            0x08000ee8   Number         4  stm32l0xx_hal_adc.o(.text.HAL_ADC_ConfigChannel)
    [Anonymous Symbol]                       0x08000eec   Section        0  stm32l0xx_hal_adc.o(.text.HAL_ADC_GetValue)
    [Anonymous Symbol]                       0x08000ef4   Section        0  stm32l0xx_hal_adc.o(.text.HAL_ADC_Init)
    __arm_cp.0_0                             0x080010a4   Number         4  stm32l0xx_hal_adc.o(.text.HAL_ADC_Init)
    __arm_cp.0_1                             0x080010a8   Number         4  stm32l0xx_hal_adc.o(.text.HAL_ADC_Init)
    __arm_cp.0_2                             0x080010ac   Number         4  stm32l0xx_hal_adc.o(.text.HAL_ADC_Init)
    __arm_cp.0_3                             0x080010b0   Number         4  stm32l0xx_hal_adc.o(.text.HAL_ADC_Init)
    [Anonymous Symbol]                       0x080010b4   Section        0  stm32l0xx_hal_msp.o(.text.HAL_ADC_MspInit)
    __arm_cp.1_0                             0x08001104   Number         4  stm32l0xx_hal_msp.o(.text.HAL_ADC_MspInit)
    __arm_cp.1_1                             0x08001108   Number         4  stm32l0xx_hal_msp.o(.text.HAL_ADC_MspInit)
    [Anonymous Symbol]                       0x0800110c   Section        0  stm32l0xx_hal_adc.o(.text.HAL_ADC_PollForConversion)
    [Anonymous Symbol]                       0x08001234   Section        0  stm32l0xx_hal_adc.o(.text.HAL_ADC_Start)
    __arm_cp.4_0                             0x08001294   Number         4  stm32l0xx_hal_adc.o(.text.HAL_ADC_Start)
    [Anonymous Symbol]                       0x08001298   Section        0  stm32l0xx_hal_adc.o(.text.HAL_ADC_Stop)
    [Anonymous Symbol]                       0x08001360   Section        0  stm32l0xx_hal.o(.text.HAL_Delay)
    __arm_cp.10_0                            0x08001380   Number         4  stm32l0xx_hal.o(.text.HAL_Delay)
    [Anonymous Symbol]                       0x08001384   Section        0  stm32l0xx_hal_gpio.o(.text.HAL_GPIO_Init)
    __arm_cp.0_0                             0x08001500   Number         4  stm32l0xx_hal_gpio.o(.text.HAL_GPIO_Init)
    __arm_cp.0_1                             0x08001504   Number         4  stm32l0xx_hal_gpio.o(.text.HAL_GPIO_Init)
    __arm_cp.0_2                             0x08001508   Number         4  stm32l0xx_hal_gpio.o(.text.HAL_GPIO_Init)
    __arm_cp.0_3                             0x0800150c   Number         4  stm32l0xx_hal_gpio.o(.text.HAL_GPIO_Init)
    [Anonymous Symbol]                       0x08001510   Section        0  stm32l0xx_hal_gpio.o(.text.HAL_GPIO_WritePin)
    [Anonymous Symbol]                       0x08001520   Section        0  stm32l0xx_hal.o(.text.HAL_GetTick)
    [Anonymous Symbol]                       0x08001528   Section        0  stm32l0xx_hal_i2c_ex.o(.text.HAL_I2CEx_ConfigAnalogFilter)
    [Anonymous Symbol]                       0x0800156a   Section        0  stm32l0xx_hal_i2c_ex.o(.text.HAL_I2CEx_ConfigDigitalFilter)
    [Anonymous Symbol]                       0x080015ac   Section        0  stm32l0xx_hal_i2c.o(.text.HAL_I2C_Init)
    __arm_cp.0_0                             0x08001658   Number         4  stm32l0xx_hal_i2c.o(.text.HAL_I2C_Init)
    __arm_cp.0_1                             0x0800165c   Number         4  stm32l0xx_hal_i2c.o(.text.HAL_I2C_Init)
    [Anonymous Symbol]                       0x08001660   Section        0  stm32l0xx_hal_i2c.o(.text.HAL_I2C_Master_Transmit)
    __arm_cp.4_0                             0x0800181c   Number         4  stm32l0xx_hal_i2c.o(.text.HAL_I2C_Master_Transmit)
    __arm_cp.4_1                             0x08001820   Number         4  stm32l0xx_hal_i2c.o(.text.HAL_I2C_Master_Transmit)
    __arm_cp.4_2                             0x08001824   Number         4  stm32l0xx_hal_i2c.o(.text.HAL_I2C_Master_Transmit)
    __arm_cp.4_3                             0x08001828   Number         4  stm32l0xx_hal_i2c.o(.text.HAL_I2C_Master_Transmit)
    __arm_cp.4_4                             0x0800182c   Number         4  stm32l0xx_hal_i2c.o(.text.HAL_I2C_Master_Transmit)
    [Anonymous Symbol]                       0x08001830   Section        0  stm32l0xx_hal_msp.o(.text.HAL_I2C_MspInit)
    __arm_cp.3_0                             0x08001888   Number         4  stm32l0xx_hal_msp.o(.text.HAL_I2C_MspInit)
    __arm_cp.3_1                             0x0800188c   Number         4  stm32l0xx_hal_msp.o(.text.HAL_I2C_MspInit)
    __arm_cp.3_2                             0x08001890   Number         4  stm32l0xx_hal_msp.o(.text.HAL_I2C_MspInit)
    [Anonymous Symbol]                       0x08001894   Section        0  stm32l0xx_hal.o(.text.HAL_IncTick)
    __arm_cp.5_1                             0x080018a4   Number         4  stm32l0xx_hal.o(.text.HAL_IncTick)
    [Anonymous Symbol]                       0x080018a8   Section        0  stm32l0xx_hal.o(.text.HAL_Init)
    __arm_cp.0_0                             0x080018cc   Number         4  stm32l0xx_hal.o(.text.HAL_Init)
    [Anonymous Symbol]                       0x080018d0   Section        0  stm32l0xx_hal.o(.text.HAL_InitTick)
    __arm_cp.1_0                             0x0800190c   Number         4  stm32l0xx_hal.o(.text.HAL_InitTick)
    __arm_cp.1_1                             0x08001910   Number         4  stm32l0xx_hal.o(.text.HAL_InitTick)
    [Anonymous Symbol]                       0x08001914   Section        0  stm32l0xx_hal_msp.o(.text.HAL_MspInit)
    __arm_cp.0_0                             0x08001928   Number         4  stm32l0xx_hal_msp.o(.text.HAL_MspInit)
    [Anonymous Symbol]                       0x0800192c   Section        0  stm32l0xx_hal_cortex.o(.text.HAL_NVIC_SetPriority)
    __arm_cp.0_0                             0x0800195c   Number         4  stm32l0xx_hal_cortex.o(.text.HAL_NVIC_SetPriority)
    __arm_cp.0_1                             0x08001960   Number         4  stm32l0xx_hal_cortex.o(.text.HAL_NVIC_SetPriority)
    [Anonymous Symbol]                       0x08001964   Section        0  stm32l0xx_hal_rcc_ex.o(.text.HAL_RCCEx_PeriphCLKConfig)
    __arm_cp.0_0                             0x08001b94   Number         4  stm32l0xx_hal_rcc_ex.o(.text.HAL_RCCEx_PeriphCLKConfig)
    __arm_cp.0_1                             0x08001b98   Number         4  stm32l0xx_hal_rcc_ex.o(.text.HAL_RCCEx_PeriphCLKConfig)
    [Anonymous Symbol]                       0x08001b9c   Section        0  stm32l0xx_hal_rcc.o(.text.HAL_RCC_ClockConfig)
    __arm_cp.3_0                             0x08001d94   Number         4  stm32l0xx_hal_rcc.o(.text.HAL_RCC_ClockConfig)
    __arm_cp.3_1                             0x08001d98   Number         4  stm32l0xx_hal_rcc.o(.text.HAL_RCC_ClockConfig)
    __arm_cp.3_7                             0x08001d9c   Number         4  stm32l0xx_hal_rcc.o(.text.HAL_RCC_ClockConfig)
    __arm_cp.3_9                             0x08001da0   Number         4  stm32l0xx_hal_rcc.o(.text.HAL_RCC_ClockConfig)
    [Anonymous Symbol]                       0x08001da4   Section        0  stm32l0xx_hal_rcc.o(.text.HAL_RCC_GetPCLK1Freq)
    [Anonymous Symbol]                       0x08001db8   Section        0  stm32l0xx_hal_rcc.o(.text.HAL_RCC_GetPCLK2Freq)
    __arm_cp.8_0                             0x08001dcc   Number         4  stm32l0xx_hal_rcc.o(.text.HAL_RCC_GetPCLK2Freq)
    __arm_cp.8_1                             0x08001dd0   Number         4  stm32l0xx_hal_rcc.o(.text.HAL_RCC_GetPCLK2Freq)
    __arm_cp.8_2                             0x08001dd4   Number         4  stm32l0xx_hal_rcc.o(.text.HAL_RCC_GetPCLK2Freq)
    [Anonymous Symbol]                       0x08001dd8   Section        0  stm32l0xx_hal_rcc.o(.text.HAL_RCC_GetSysClockFreq)
    __arm_cp.2_1                             0x08001e40   Number         4  stm32l0xx_hal_rcc.o(.text.HAL_RCC_GetSysClockFreq)
    __arm_cp.2_2                             0x08001e44   Number         4  stm32l0xx_hal_rcc.o(.text.HAL_RCC_GetSysClockFreq)
    __arm_cp.2_3                             0x08001e48   Number         4  stm32l0xx_hal_rcc.o(.text.HAL_RCC_GetSysClockFreq)
    __arm_cp.2_4                             0x08001e4c   Number         4  stm32l0xx_hal_rcc.o(.text.HAL_RCC_GetSysClockFreq)
    [Anonymous Symbol]                       0x08001e50   Section        0  stm32l0xx_hal_rcc.o(.text.HAL_RCC_OscConfig)
    __arm_cp.1_13                            0x08001fec   Number         4  stm32l0xx_hal_rcc.o(.text.HAL_RCC_OscConfig)
    __arm_cp.1_1                             0x080023b4   Number         4  stm32l0xx_hal_rcc.o(.text.HAL_RCC_OscConfig)
    __arm_cp.1_2                             0x080023b8   Number         4  stm32l0xx_hal_rcc.o(.text.HAL_RCC_OscConfig)
    __arm_cp.1_3                             0x080023bc   Number         4  stm32l0xx_hal_rcc.o(.text.HAL_RCC_OscConfig)
    __arm_cp.1_4                             0x080023c0   Number         4  stm32l0xx_hal_rcc.o(.text.HAL_RCC_OscConfig)
    __arm_cp.1_5                             0x080023c4   Number         4  stm32l0xx_hal_rcc.o(.text.HAL_RCC_OscConfig)
    __arm_cp.1_6                             0x080023c8   Number         4  stm32l0xx_hal_rcc.o(.text.HAL_RCC_OscConfig)
    __arm_cp.1_7                             0x080023cc   Number         4  stm32l0xx_hal_rcc.o(.text.HAL_RCC_OscConfig)
    __arm_cp.1_8                             0x080023d0   Number         4  stm32l0xx_hal_rcc.o(.text.HAL_RCC_OscConfig)
    __arm_cp.1_9                             0x080023d4   Number         4  stm32l0xx_hal_rcc.o(.text.HAL_RCC_OscConfig)
    __arm_cp.1_10                            0x080023d8   Number         4  stm32l0xx_hal_rcc.o(.text.HAL_RCC_OscConfig)
    [Anonymous Symbol]                       0x080023dc   Section        0  stm32l0xx_hal_cortex.o(.text.HAL_SYSTICK_Config)
    __arm_cp.4_0                             0x08002404   Number         4  stm32l0xx_hal_cortex.o(.text.HAL_SYSTICK_Config)
    __arm_cp.4_1                             0x08002408   Number         4  stm32l0xx_hal_cortex.o(.text.HAL_SYSTICK_Config)
    __arm_cp.4_2                             0x0800240c   Number         4  stm32l0xx_hal_cortex.o(.text.HAL_SYSTICK_Config)
    [Anonymous Symbol]                       0x08002410   Section        0  stm32l0xx_hal_uart.o(.text.HAL_UART_Init)
    [Anonymous Symbol]                       0x08002480   Section        0  stm32l0xx_hal_msp.o(.text.HAL_UART_MspInit)
    __arm_cp.5_0                             0x080024d8   Number         4  stm32l0xx_hal_msp.o(.text.HAL_UART_MspInit)
    __arm_cp.5_1                             0x080024dc   Number         4  stm32l0xx_hal_msp.o(.text.HAL_UART_MspInit)
    [Anonymous Symbol]                       0x080024e0   Section        0  stm32l0xx_hal_uart.o(.text.HAL_UART_Transmit)
    __arm_cp.10_0                            0x08002668   Number         4  stm32l0xx_hal_uart.o(.text.HAL_UART_Transmit)
    [Anonymous Symbol]                       0x0800266c   Section        0  stm32l0xx_it.o(.text.HardFault_Handler)
    I2C_IsErrorOccurred                      0x08002671   Thumb Code   376  stm32l0xx_hal_i2c.o(.text.I2C_IsErrorOccurred)
    [Anonymous Symbol]                       0x08002670   Section        0  stm32l0xx_hal_i2c.o(.text.I2C_IsErrorOccurred)
    __arm_cp.72_0                            0x080027e8   Number         4  stm32l0xx_hal_i2c.o(.text.I2C_IsErrorOccurred)
    I2C_WaitOnFlagUntilTimeout               0x080027ed   Thumb Code   250  stm32l0xx_hal_i2c.o(.text.I2C_WaitOnFlagUntilTimeout)
    [Anonymous Symbol]                       0x080027ec   Section        0  stm32l0xx_hal_i2c.o(.text.I2C_WaitOnFlagUntilTimeout)
    I2C_WaitOnSTOPFlagUntilTimeout           0x080028e7   Thumb Code   134  stm32l0xx_hal_i2c.o(.text.I2C_WaitOnSTOPFlagUntilTimeout)
    [Anonymous Symbol]                       0x080028e6   Section        0  stm32l0xx_hal_i2c.o(.text.I2C_WaitOnSTOPFlagUntilTimeout)
    I2C_WaitOnTXISFlagUntilTimeout           0x0800296d   Thumb Code   166  stm32l0xx_hal_i2c.o(.text.I2C_WaitOnTXISFlagUntilTimeout)
    [Anonymous Symbol]                       0x0800296c   Section        0  stm32l0xx_hal_i2c.o(.text.I2C_WaitOnTXISFlagUntilTimeout)
    [Anonymous Symbol]                       0x08002a12   Section        0  stm32l0xx_it.o(.text.NMI_Handler)
    [Anonymous Symbol]                       0x08002a14   Section        0  stm32l0xx_it.o(.text.PendSV_Handler)
    [Anonymous Symbol]                       0x08002a16   Section        0  stm32l0xx_it.o(.text.SVC_Handler)
    [Anonymous Symbol]                       0x08002a18   Section        0  stm32l0xx_it.o(.text.SysTick_Handler)
    [Anonymous Symbol]                       0x08002a20   Section        0  system_stm32l0xx.o(.text.SystemInit)
    [Anonymous Symbol]                       0x08002a22   Section        0  stm32l0xx_hal_uart.o(.text.UART_AdvFeatureConfig)
    [Anonymous Symbol]                       0x08002af4   Section        0  stm32l0xx_hal_uart.o(.text.UART_CheckIdleState)
    __arm_cp.4_0                             0x08002bc0   Number         4  stm32l0xx_hal_uart.o(.text.UART_CheckIdleState)
    [Anonymous Symbol]                       0x08002bc4   Section        0  stm32l0xx_hal_uart.o(.text.UART_SetConfig)
    __arm_cp.3_0                             0x08002da8   Number         4  stm32l0xx_hal_uart.o(.text.UART_SetConfig)
    __arm_cp.3_1                             0x08002dac   Number         4  stm32l0xx_hal_uart.o(.text.UART_SetConfig)
    __arm_cp.3_2                             0x08002db0   Number         4  stm32l0xx_hal_uart.o(.text.UART_SetConfig)
    __arm_cp.3_3                             0x08002db4   Number         4  stm32l0xx_hal_uart.o(.text.UART_SetConfig)
    __arm_cp.3_4                             0x08002db8   Number         4  stm32l0xx_hal_uart.o(.text.UART_SetConfig)
    __arm_cp.3_5                             0x08002dbc   Number         4  stm32l0xx_hal_uart.o(.text.UART_SetConfig)
    __arm_cp.3_6                             0x08002dc0   Number         4  stm32l0xx_hal_uart.o(.text.UART_SetConfig)
    __arm_cp.3_7                             0x08002dc4   Number         4  stm32l0xx_hal_uart.o(.text.UART_SetConfig)
    __arm_cp.3_8                             0x08002dc8   Number         4  stm32l0xx_hal_uart.o(.text.UART_SetConfig)
    __arm_cp.3_10                            0x08002ddc   Number         4  stm32l0xx_hal_uart.o(.text.UART_SetConfig)
    __arm_cp.3_11                            0x08002de0   Number         4  stm32l0xx_hal_uart.o(.text.UART_SetConfig)
    __arm_cp.3_12                            0x08002de4   Number         4  stm32l0xx_hal_uart.o(.text.UART_SetConfig)
    __arm_cp.3_13                            0x08002de8   Number         4  stm32l0xx_hal_uart.o(.text.UART_SetConfig)
    __arm_cp.3_14                            0x08002dec   Number         4  stm32l0xx_hal_uart.o(.text.UART_SetConfig)
    [Anonymous Symbol]                       0x08002df0   Section        0  stm32l0xx_hal_uart.o(.text.UART_WaitOnFlagUntilTimeout)
    [Anonymous Symbol]                       0x08002fac   Section        0  i2c_lcd.o(.text.lcd_clear)
    [Anonymous Symbol]                       0x08002fdc   Section        0  i2c_lcd.o(.text.lcd_init)
    [Anonymous Symbol]                       0x08003140   Section        0  i2c_lcd.o(.text.lcd_put_cur)
    [Anonymous Symbol]                       0x08003184   Section        0  i2c_lcd.o(.text.lcd_send_string)
    __arm_cp.5_0                             0x080031cc   Number         4  i2c_lcd.o(.text.lcd_send_string)
    [Anonymous Symbol]                       0x080031d0   Section        0  main.o(.text.main)
    __arm_cp.0_28                            0x08003468   Number         4  main.o(.text.main)
    __arm_cp.0_29                            0x0800346c   Number         4  main.o(.text.main)
    __arm_cp.0_33                            0x0800347c   Number         4  main.o(.text.main)
    __arm_cp.0_35                            0x08003484   Number         4  main.o(.text.main)
    __arm_cp.0_37                            0x0800348c   Number         4  main.o(.text.main)
    __arm_cp.0_38                            0x08003490   Number         4  main.o(.text.main)
    __arm_cp.0_39                            0x08003494   Number         4  main.o(.text.main)
    __arm_cp.0_47                            0x080038c0   Number         4  main.o(.text.main)
    __arm_cp.0_48                            0x080038c4   Number         4  main.o(.text.main)
    __arm_cp.0_51                            0x080038d0   Number         4  main.o(.text.main)
    __arm_cp.0_2                             0x08003c88   Number         4  main.o(.text.main)
    __arm_cp.0_3                             0x08003c8c   Number         4  main.o(.text.main)
    __arm_cp.0_4                             0x08003c90   Number         4  main.o(.text.main)
    __arm_cp.0_6                             0x08003c94   Number         4  main.o(.text.main)
    __arm_cp.0_8                             0x08003c98   Number         4  main.o(.text.main)
    __arm_cp.0_13                            0x08003c9c   Number         4  main.o(.text.main)
    __arm_cp.0_14                            0x08003ca0   Number         4  main.o(.text.main)
    __arm_cp.0_15                            0x08003ca4   Number         4  main.o(.text.main)
    __arm_cp.0_18                            0x08003ca8   Number         4  main.o(.text.main)
    __arm_cp.0_19                            0x08003cac   Number         4  main.o(.text.main)
    __arm_cp.0_21                            0x08003cb0   Number         4  main.o(.text.main)
    __arm_cp.0_22                            0x08003cb4   Number         4  main.o(.text.main)
    __arm_cp.0_23                            0x08003cb8   Number         4  main.o(.text.main)
    __arm_cp.0_24                            0x08003cbc   Number         4  main.o(.text.main)
    __arm_cp.0_25                            0x08003cc0   Number         4  main.o(.text.main)
    .text_divfast                            0x08003cf4   Section      502  aeabi_sdivfast.o(.text_divfast)
    i._fgeq                                  0x08003eea   Section        0  fcmp.o(i._fgeq)
    i._fgr                                   0x08003f00   Section        0  fcmp.o(i._fgr)
    i._fls                                   0x08003f16   Section        0  fcmp.o(i._fls)
    i._is_digit                              0x08003f2c   Section        0  __printf_wp.o(i._is_digit)
    x$fpl$fadd                               0x08003f3c   Section      140  faddsub.o(x$fpl$fadd)
    _fadd1                                   0x08003f49   Thumb Code     0  faddsub.o(x$fpl$fadd)
    x$fpl$fgeqf                              0x08003fc8   Section       84  fgef.o(x$fpl$fgeqf)
    x$fpl$fleqf                              0x0800401c   Section       84  flef.o(x$fpl$fleqf)
    x$fpl$fmul                               0x08004070   Section      176  fmul.o(x$fpl$fmul)
    x$fpl$fsub                               0x08004120   Section      208  faddsub.o(x$fpl$fsub)
    _fsub1                                   0x0800412d   Thumb Code     0  faddsub.o(x$fpl$fsub)
    maptable                                 0x080041f0   Data          17  __printf_flags_wp.o(.constdata)
    .constdata                               0x080041f0   Section       17  __printf_flags_wp.o(.constdata)
    x$fpl$usenofp                            0x080041f0   Section        0  usenofp.o(x$fpl$usenofp)
    fdiv_tab                                 0x08004201   Data          64  fdiv.o(.constdata)
    .constdata                               0x08004201   Section       64  fdiv.o(.constdata)
    [Anonymous Symbol]                       0x08004264   Section        0  stm32l0xx_hal_uart.o(.rodata.cst16)
    [Anonymous Symbol]                       0x08004274   Section        0  main.o(.rodata.str1.1)
    [Anonymous Symbol]                       0x20000000   Section        0  stm32l0xx_hal.o(.data..L_MergedGlobals)
    .bss                                     0x20000010   Section       96  libspace.o(.bss)
    main.lcd_skaitiklis                      0x20000070   Data           1  main.o(.bss..L_MergedGlobals)
    [Anonymous Symbol]                       0x20000070   Section        0  main.o(.bss..L_MergedGlobals)
    Heap_Mem                                 0x200001b0   Data         512  startup_stm32l073xx.o(HEAP)
    HEAP                                     0x200001b0   Section      512  startup_stm32l073xx.o(HEAP)
    Stack_Mem                                0x200003b0   Data        1024  startup_stm32l073xx.o(STACK)
    STACK                                    0x200003b0   Section     1024  startup_stm32l073xx.o(STACK)
    __initial_sp                             0x200007b0   Data           0  startup_stm32l073xx.o(STACK)

    Global Symbols

    Symbol Name                              Value     Ov Type        Size  Object(Section)

    BuildAttributes$$THM_ISAv3M$S$PE$A:L22$X:L11$S22$IEEE1$IW$~IW$USESV6$~STKCKD$USESV7$~SHL$OTIME$ROPI$EBA8$UX$STANDARDLIB$REQ8$PRES8$EABIv2 0x00000000   Number         0  anon$$obj.o ABSOLUTE
    _printf_flags                            0x00000000   Number         0  printf_stubs.o ABSOLUTE
    _printf_return_value                     0x00000000   Number         0  printf_stubs.o ABSOLUTE
    _printf_sizespec                         0x00000000   Number         0  printf_stubs.o ABSOLUTE
    _printf_widthprec                        0x00000000   Number         0  printf_stubs.o ABSOLUTE
    __ARM_exceptions_init                     - Undefined Weak Reference
    __alloca_initialize                       - Undefined Weak Reference
    __arm_preinit_                            - Undefined Weak Reference
    __arm_relocate_pie_                       - Undefined Weak Reference
    __cpp_initialize__aeabi_                  - Undefined Weak Reference
    __cxa_finalize                            - Undefined Weak Reference
    __rt_locale                               - Undefined Weak Reference
    __sigvec_lookup                           - Undefined Weak Reference
    _atexit_init                              - Undefined Weak Reference
    _call_atexit_fns                          - Undefined Weak Reference
    _clock_init                               - Undefined Weak Reference
    _fp_trap_init                             - Undefined Weak Reference
    _fp_trap_shutdown                         - Undefined Weak Reference
    _get_lc_collate                           - Undefined Weak Reference
    _get_lc_ctype                             - Undefined Weak Reference
    _get_lc_monetary                          - Undefined Weak Reference
    _get_lc_numeric                           - Undefined Weak Reference
    _get_lc_time                              - Undefined Weak Reference
    _getenv_init                              - Undefined Weak Reference
    _handle_redirection                       - Undefined Weak Reference
    _init_alloc                               - Undefined Weak Reference
    _init_user_alloc                          - Undefined Weak Reference
    _initio                                   - Undefined Weak Reference
    _printf_truncate_signed                   - Undefined Weak Reference
    _printf_truncate_unsigned                 - Undefined Weak Reference
    _rand_init                                - Undefined Weak Reference
    _signal_finish                            - Undefined Weak Reference
    _signal_init                              - Undefined Weak Reference
    _terminate_alloc                          - Undefined Weak Reference
    _terminate_user_alloc                     - Undefined Weak Reference
    _terminateio                              - Undefined Weak Reference
    __Vectors_Size                           0x000000c0   Number         0  startup_stm32l073xx.o ABSOLUTE
    __Vectors                                0x08000000   Data           4  startup_stm32l073xx.o(RESET)
    __Vectors_End                            0x080000c0   Data           0  startup_stm32l073xx.o(RESET)
    __main                                   0x080000c1   Thumb Code     8  __main.o(!!!main)
    __scatterload                            0x080000c9   Thumb Code     0  __scatter.o(!!!scatter)
    __scatterload_rt2                        0x080000c9   Thumb Code    74  __scatter.o(!!!scatter)
    __scatterload_rt2_thumb_only             0x080000c9   Thumb Code     0  __scatter.o(!!!scatter)
    __scatterload_loop                       0x080000d3   Thumb Code     0  __scatter.o(!!!scatter)
    __scatterload_copy                       0x0800011d   Thumb Code    26  __scatter_copy.o(!!handler_copy)
    __scatterload_null                       0x08000139   Thumb Code     2  __scatter.o(!!handler_null)
    __scatterload_zeroinit                   0x0800013d   Thumb Code    28  __scatter_zi.o(!!handler_zi)
    _printf_percent                          0x08000159   Thumb Code     0  _printf_percent.o(.ARM.Collect$$_printf_percent$$00000000)
    _printf_d                                0x0800015b   Thumb Code     0  _printf_d.o(.ARM.Collect$$_printf_percent$$00000009)
    _printf_percent_end                      0x08000165   Thumb Code     0  _printf_percent_end.o(.ARM.Collect$$_printf_percent$$00000017)
    __rt_lib_init                            0x08000169   Thumb Code     0  libinit.o(.ARM.Collect$$libinit$$00000000)
    __rt_lib_init_alloca_1                   0x0800016b   Thumb Code     0  libinit2.o(.ARM.Collect$$libinit$$00000030)
    __rt_lib_init_argv_1                     0x0800016b   Thumb Code     0  libinit2.o(.ARM.Collect$$libinit$$0000002E)
    __rt_lib_init_atexit_1                   0x0800016b   Thumb Code     0  libinit2.o(.ARM.Collect$$libinit$$0000001D)
    __rt_lib_init_clock_1                    0x0800016b   Thumb Code     0  libinit2.o(.ARM.Collect$$libinit$$00000023)
    __rt_lib_init_cpp_1                      0x0800016b   Thumb Code     0  libinit2.o(.ARM.Collect$$libinit$$00000034)
    __rt_lib_init_exceptions_1               0x0800016b   Thumb Code     0  libinit2.o(.ARM.Collect$$libinit$$00000032)
    __rt_lib_init_fp_1                       0x0800016b   Thumb Code     0  libinit2.o(.ARM.Collect$$libinit$$00000002)
    __rt_lib_init_fp_trap_1                  0x0800016b   Thumb Code     0  libinit2.o(.ARM.Collect$$libinit$$00000021)
    __rt_lib_init_getenv_1                   0x0800016b   Thumb Code     0  libinit2.o(.ARM.Collect$$libinit$$00000025)
    __rt_lib_init_heap_1                     0x0800016b   Thumb Code     0  libinit2.o(.ARM.Collect$$libinit$$0000000C)
    __rt_lib_init_lc_collate_1               0x0800016b   Thumb Code     0  libinit2.o(.ARM.Collect$$libinit$$00000013)
    __rt_lib_init_lc_ctype_1                 0x0800016b   Thumb Code     0  libinit2.o(.ARM.Collect$$libinit$$00000015)
    __rt_lib_init_lc_monetary_1              0x0800016b   Thumb Code     0  libinit2.o(.ARM.Collect$$libinit$$00000017)
    __rt_lib_init_lc_numeric_1               0x0800016b   Thumb Code     0  libinit2.o(.ARM.Collect$$libinit$$00000019)
    __rt_lib_init_lc_time_1                  0x0800016b   Thumb Code     0  libinit2.o(.ARM.Collect$$libinit$$0000001B)
    __rt_lib_init_preinit_1                  0x0800016b   Thumb Code     0  libinit2.o(.ARM.Collect$$libinit$$00000006)
    __rt_lib_init_rand_1                     0x0800016b   Thumb Code     0  libinit2.o(.ARM.Collect$$libinit$$00000010)
    __rt_lib_init_relocate_pie_1             0x0800016b   Thumb Code     0  libinit2.o(.ARM.Collect$$libinit$$00000004)
    __rt_lib_init_return                     0x0800016b   Thumb Code     0  libinit2.o(.ARM.Collect$$libinit$$00000035)
    __rt_lib_init_signal_1                   0x0800016b   Thumb Code     0  libinit2.o(.ARM.Collect$$libinit$$0000001F)
    __rt_lib_init_stdio_1                    0x0800016b   Thumb Code     0  libinit2.o(.ARM.Collect$$libinit$$00000027)
    __rt_lib_init_user_alloc_1               0x0800016b   Thumb Code     0  libinit2.o(.ARM.Collect$$libinit$$0000000E)
    __rt_lib_shutdown                        0x0800016d   Thumb Code     0  libshutdown.o(.ARM.Collect$$libshutdown$$00000000)
    __rt_lib_shutdown_cpp_1                  0x0800016f   Thumb Code     0  libshutdown2.o(.ARM.Collect$$libshutdown$$00000002)
    __rt_lib_shutdown_fp_trap_1              0x0800016f   Thumb Code     0  libshutdown2.o(.ARM.Collect$$libshutdown$$00000007)
    __rt_lib_shutdown_heap_1                 0x0800016f   Thumb Code     0  libshutdown2.o(.ARM.Collect$$libshutdown$$0000000F)
    __rt_lib_shutdown_return                 0x0800016f   Thumb Code     0  libshutdown2.o(.ARM.Collect$$libshutdown$$00000010)
    __rt_lib_shutdown_signal_1               0x0800016f   Thumb Code     0  libshutdown2.o(.ARM.Collect$$libshutdown$$0000000A)
    __rt_lib_shutdown_stdio_1                0x0800016f   Thumb Code     0  libshutdown2.o(.ARM.Collect$$libshutdown$$00000004)
    __rt_lib_shutdown_user_alloc_1           0x0800016f   Thumb Code     0  libshutdown2.o(.ARM.Collect$$libshutdown$$0000000C)
    __rt_entry                               0x08000171   Thumb Code     0  __rtentry.o(.ARM.Collect$$rtentry$$00000000)
    __rt_entry_presh_1                       0x08000171   Thumb Code     0  __rtentry2.o(.ARM.Collect$$rtentry$$00000002)
    __rt_entry_sh                            0x08000171   Thumb Code     0  __rtentry4.o(.ARM.Collect$$rtentry$$00000004)
    __rt_entry_li                            0x08000177   Thumb Code     0  __rtentry2.o(.ARM.Collect$$rtentry$$0000000A)
    __rt_entry_postsh_1                      0x08000177   Thumb Code     0  __rtentry2.o(.ARM.Collect$$rtentry$$00000009)
    __rt_entry_main                          0x0800017b   Thumb Code     0  __rtentry2.o(.ARM.Collect$$rtentry$$0000000D)
    __rt_entry_postli_1                      0x0800017b   Thumb Code     0  __rtentry2.o(.ARM.Collect$$rtentry$$0000000C)
    __rt_exit                                0x08000183   Thumb Code     0  rtexit.o(.ARM.Collect$$rtexit$$00000000)
    __rt_exit_ls                             0x08000185   Thumb Code     0  rtexit2.o(.ARM.Collect$$rtexit$$00000003)
    __rt_exit_prels_1                        0x08000185   Thumb Code     0  rtexit2.o(.ARM.Collect$$rtexit$$00000002)
    __rt_exit_exit                           0x08000189   Thumb Code     0  rtexit2.o(.ARM.Collect$$rtexit$$00000004)
    Reset_Handler                            0x08000191   Thumb Code     8  startup_stm32l073xx.o(.text)
    ADC1_COMP_IRQHandler                     0x080001a3   Thumb Code     0  startup_stm32l073xx.o(.text)
    DMA1_Channel1_IRQHandler                 0x080001a3   Thumb Code     0  startup_stm32l073xx.o(.text)
    DMA1_Channel2_3_IRQHandler               0x080001a3   Thumb Code     0  startup_stm32l073xx.o(.text)
    DMA1_Channel4_5_6_7_IRQHandler           0x080001a3   Thumb Code     0  startup_stm32l073xx.o(.text)
    EXTI0_1_IRQHandler                       0x080001a3   Thumb Code     0  startup_stm32l073xx.o(.text)
    EXTI2_3_IRQHandler                       0x080001a3   Thumb Code     0  startup_stm32l073xx.o(.text)
    EXTI4_15_IRQHandler                      0x080001a3   Thumb Code     0  startup_stm32l073xx.o(.text)
    FLASH_IRQHandler                         0x080001a3   Thumb Code     0  startup_stm32l073xx.o(.text)
    I2C1_IRQHandler                          0x080001a3   Thumb Code     0  startup_stm32l073xx.o(.text)
    I2C2_IRQHandler                          0x080001a3   Thumb Code     0  startup_stm32l073xx.o(.text)
    I2C3_IRQHandler                          0x080001a3   Thumb Code     0  startup_stm32l073xx.o(.text)
    LCD_IRQHandler                           0x080001a3   Thumb Code     0  startup_stm32l073xx.o(.text)
    LPTIM1_IRQHandler                        0x080001a3   Thumb Code     0  startup_stm32l073xx.o(.text)
    PVD_IRQHandler                           0x080001a3   Thumb Code     0  startup_stm32l073xx.o(.text)
    RCC_CRS_IRQHandler                       0x080001a3   Thumb Code     0  startup_stm32l073xx.o(.text)
    RNG_LPUART1_IRQHandler                   0x080001a3   Thumb Code     0  startup_stm32l073xx.o(.text)
    RTC_IRQHandler                           0x080001a3   Thumb Code     0  startup_stm32l073xx.o(.text)
    SPI1_IRQHandler                          0x080001a3   Thumb Code     0  startup_stm32l073xx.o(.text)
    SPI2_IRQHandler                          0x080001a3   Thumb Code     0  startup_stm32l073xx.o(.text)
    TIM21_IRQHandler                         0x080001a3   Thumb Code     0  startup_stm32l073xx.o(.text)
    TIM22_IRQHandler                         0x080001a3   Thumb Code     0  startup_stm32l073xx.o(.text)
    TIM2_IRQHandler                          0x080001a3   Thumb Code     0  startup_stm32l073xx.o(.text)
    TIM3_IRQHandler                          0x080001a3   Thumb Code     0  startup_stm32l073xx.o(.text)
    TIM6_DAC_IRQHandler                      0x080001a3   Thumb Code     0  startup_stm32l073xx.o(.text)
    TIM7_IRQHandler                          0x080001a3   Thumb Code     0  startup_stm32l073xx.o(.text)
    TSC_IRQHandler                           0x080001a3   Thumb Code     0  startup_stm32l073xx.o(.text)
    USART1_IRQHandler                        0x080001a3   Thumb Code     0  startup_stm32l073xx.o(.text)
    USART2_IRQHandler                        0x080001a3   Thumb Code     0  startup_stm32l073xx.o(.text)
    USART4_5_IRQHandler                      0x080001a3   Thumb Code     0  startup_stm32l073xx.o(.text)
    USB_IRQHandler                           0x080001a3   Thumb Code     0  startup_stm32l073xx.o(.text)
    WWDG_IRQHandler                          0x080001a3   Thumb Code     0  startup_stm32l073xx.o(.text)
    __user_initial_stackheap                 0x080001a5   Thumb Code     0  startup_stm32l073xx.o(.text)
    __aeabi_uldivmod                         0x080001c9   Thumb Code   272  lludiv.o(.text)
    _ll_udiv                                 0x080001c9   Thumb Code     0  lludiv.o(.text)
    __2sprintf                               0x080002d9   Thumb Code    36  noretval__2sprintf.o(.text)
    _printf_pre_padding                      0x08000301   Thumb Code    44  _printf_pad.o(.text)
    _printf_post_padding                     0x0800032d   Thumb Code    34  _printf_pad.o(.text)
    _printf_int_dec                          0x08000351   Thumb Code    90  _printf_dec.o(.text)
    __printf                                 0x080003bd   Thumb Code   306  __printf_flags_wp.o(.text)
    strlen                                   0x080004f5   Thumb Code    62  strlen.o(.text)
    _memset_w                                0x08000539   Thumb Code    26  rt_memclr.o(.text)
    _memset                                  0x08000553   Thumb Code    30  rt_memclr.o(.text)
    __aeabi_memclr                           0x08000571   Thumb Code     4  rt_memclr.o(.text)
    __rt_memclr                              0x08000571   Thumb Code     0  rt_memclr.o(.text)
    __aeabi_memclr4                          0x08000575   Thumb Code     0  rt_memclr.o(.text)
    __aeabi_memclr8                          0x08000575   Thumb Code     0  rt_memclr.o(.text)
    __rt_memclr_w                            0x08000575   Thumb Code     4  rt_memclr.o(.text)
    __use_two_region_memory                  0x08000579   Thumb Code     2  heapauxi.o(.text)
    __rt_heap_escrow$2region                 0x0800057b   Thumb Code     2  heapauxi.o(.text)
    __rt_heap_expand$2region                 0x0800057d   Thumb Code     2  heapauxi.o(.text)
    __aeabi_d2iz                             0x08000581   Thumb Code     0  dfixi.o(.text)
    _dfix                                    0x08000581   Thumb Code    98  dfixi.o(.text)
    __aeabi_dmul                             0x080005ed   Thumb Code     0  dmul.o(.text)
    __muldf3                                 0x080005ed   Thumb Code     0  dmul.o(.text)
    _dmul                                    0x080005ed   Thumb Code   558  dmul.o(.text)
    __aeabi_f2d                              0x08000835   Thumb Code     0  f2d.o(.text)
    __extendsfdf2                            0x08000835   Thumb Code     0  f2d.o(.text)
    _f2d                                     0x08000835   Thumb Code    80  f2d.o(.text)
    __aeabi_fdiv                             0x08000889   Thumb Code     0  fdiv.o(.text)
    __divsf3                                 0x08000889   Thumb Code     0  fdiv.o(.text)
    _fdiv                                    0x08000889   Thumb Code   334  fdiv.o(.text)
    _frdiv                                   0x080009d7   Thumb Code     8  fdiv.o(.text)
    __aeabi_f2iz                             0x080009e9   Thumb Code     0  ffixi.o(.text)
    _ffix                                    0x080009e9   Thumb Code    76  ffixi.o(.text)
    __aeabi_i2f_normalise                    0x08000a35   Thumb Code    72  fflti.o(.text)
    __aeabi_i2f                              0x08000a7d   Thumb Code    16  fflti.o(.text)
    _fflt                                    0x08000a7d   Thumb Code     0  fflti.o(.text)
    __aeabi_ui2f                             0x08000a8d   Thumb Code     6  fflti.o(.text)
    _ffltu                                   0x08000a8d   Thumb Code     0  fflti.o(.text)
    _printf_int_common                       0x08000a93   Thumb Code   176  _printf_intcommon.o(.text)
    _printf_char_common                      0x08000b4f   Thumb Code    32  _printf_char_common.o(.text)
    _sputc                                   0x08000b75   Thumb Code    10  _sputc.o(.text)
    __rt_udiv10                              0x08000b7f   Thumb Code    40  rtudiv10.o(.text)
    __fpl_fcmp_InfNaN                        0x08000ba9   Thumb Code    96  fcmpin.o(.text)
    __user_setup_stackheap                   0x08000c0d   Thumb Code    62  sys_stackheap_outer.o(.text)
    exit                                     0x08000c4b   Thumb Code    16  exit.o(.text)
    __fpl_cmpreturn                          0x08000c5b   Thumb Code    46  cmpret.o(.text)
    __fpl_fcheck_NaN2                        0x08000c89   Thumb Code    10  fnan2.o(.text)
    __user_libspace                          0x08000c99   Thumb Code     8  libspace.o(.text)
    __user_perproc_libspace                  0x08000c99   Thumb Code     0  libspace.o(.text)
    __user_perthread_libspace                0x08000c99   Thumb Code     0  libspace.o(.text)
    __fpl_return_NaN                         0x08000ca1   Thumb Code    94  retnan.o(.text)
    _sys_exit                                0x08000d01   Thumb Code     8  sys_exit.o(.text)
    __I$use$semihosting                      0x08000d0d   Thumb Code     0  use_no_semi.o(.text)
    __use_no_semihosting_swi                 0x08000d0d   Thumb Code     2  use_no_semi.o(.text)
    __semihosting_library_function           0x08000d0f   Thumb Code     0  indicate_semi.o(.text)
    HAL_ADC_ConfigChannel                    0x08000dd1   Thumb Code   268  stm32l0xx_hal_adc.o(.text.HAL_ADC_ConfigChannel)
    HAL_ADC_GetValue                         0x08000eed   Thumb Code     6  stm32l0xx_hal_adc.o(.text.HAL_ADC_GetValue)
    HAL_ADC_Init                             0x08000ef5   Thumb Code   432  stm32l0xx_hal_adc.o(.text.HAL_ADC_Init)
    HAL_ADC_MspInit                          0x080010b5   Thumb Code    80  stm32l0xx_hal_msp.o(.text.HAL_ADC_MspInit)
    HAL_ADC_PollForConversion                0x0800110d   Thumb Code   296  stm32l0xx_hal_adc.o(.text.HAL_ADC_PollForConversion)
    HAL_ADC_Start                            0x08001235   Thumb Code    96  stm32l0xx_hal_adc.o(.text.HAL_ADC_Start)
    HAL_ADC_Stop                             0x08001299   Thumb Code   198  stm32l0xx_hal_adc.o(.text.HAL_ADC_Stop)
    HAL_Delay                                0x08001361   Thumb Code    32  stm32l0xx_hal.o(.text.HAL_Delay)
    HAL_GPIO_Init                            0x08001385   Thumb Code   380  stm32l0xx_hal_gpio.o(.text.HAL_GPIO_Init)
    HAL_GPIO_WritePin                        0x08001511   Thumb Code    16  stm32l0xx_hal_gpio.o(.text.HAL_GPIO_WritePin)
    HAL_GetTick                              0x08001521   Thumb Code     8  stm32l0xx_hal.o(.text.HAL_GetTick)
    HAL_I2CEx_ConfigAnalogFilter             0x08001529   Thumb Code    66  stm32l0xx_hal_i2c_ex.o(.text.HAL_I2CEx_ConfigAnalogFilter)
    HAL_I2CEx_ConfigDigitalFilter            0x0800156b   Thumb Code    66  stm32l0xx_hal_i2c_ex.o(.text.HAL_I2CEx_ConfigDigitalFilter)
    HAL_I2C_Init                             0x080015ad   Thumb Code   172  stm32l0xx_hal_i2c.o(.text.HAL_I2C_Init)
    HAL_I2C_Master_Transmit                  0x08001661   Thumb Code   444  stm32l0xx_hal_i2c.o(.text.HAL_I2C_Master_Transmit)
    HAL_I2C_MspInit                          0x08001831   Thumb Code    88  stm32l0xx_hal_msp.o(.text.HAL_I2C_MspInit)
    HAL_IncTick                              0x08001895   Thumb Code    16  stm32l0xx_hal.o(.text.HAL_IncTick)
    HAL_Init                                 0x080018a9   Thumb Code    36  stm32l0xx_hal.o(.text.HAL_Init)
    HAL_InitTick                             0x080018d1   Thumb Code    60  stm32l0xx_hal.o(.text.HAL_InitTick)
    HAL_MspInit                              0x08001915   Thumb Code    20  stm32l0xx_hal_msp.o(.text.HAL_MspInit)
    HAL_NVIC_SetPriority                     0x0800192d   Thumb Code    48  stm32l0xx_hal_cortex.o(.text.HAL_NVIC_SetPriority)
    HAL_RCCEx_PeriphCLKConfig                0x08001965   Thumb Code   560  stm32l0xx_hal_rcc_ex.o(.text.HAL_RCCEx_PeriphCLKConfig)
    HAL_RCC_ClockConfig                      0x08001b9d   Thumb Code   504  stm32l0xx_hal_rcc.o(.text.HAL_RCC_ClockConfig)
    HAL_RCC_GetPCLK1Freq                     0x08001da5   Thumb Code    20  stm32l0xx_hal_rcc.o(.text.HAL_RCC_GetPCLK1Freq)
    HAL_RCC_GetPCLK2Freq                     0x08001db9   Thumb Code    20  stm32l0xx_hal_rcc.o(.text.HAL_RCC_GetPCLK2Freq)
    HAL_RCC_GetSysClockFreq                  0x08001dd9   Thumb Code   104  stm32l0xx_hal_rcc.o(.text.HAL_RCC_GetSysClockFreq)
    HAL_RCC_OscConfig                        0x08001e51   Thumb Code  1380  stm32l0xx_hal_rcc.o(.text.HAL_RCC_OscConfig)
    HAL_SYSTICK_Config                       0x080023dd   Thumb Code    40  stm32l0xx_hal_cortex.o(.text.HAL_SYSTICK_Config)
    HAL_UART_Init                            0x08002411   Thumb Code   110  stm32l0xx_hal_uart.o(.text.HAL_UART_Init)
    HAL_UART_MspInit                         0x08002481   Thumb Code    88  stm32l0xx_hal_msp.o(.text.HAL_UART_MspInit)
    HAL_UART_Transmit                        0x080024e1   Thumb Code   392  stm32l0xx_hal_uart.o(.text.HAL_UART_Transmit)
    HardFault_Handler                        0x0800266d   Thumb Code     2  stm32l0xx_it.o(.text.HardFault_Handler)
    NMI_Handler                              0x08002a13   Thumb Code     2  stm32l0xx_it.o(.text.NMI_Handler)
    PendSV_Handler                           0x08002a15   Thumb Code     2  stm32l0xx_it.o(.text.PendSV_Handler)
    SVC_Handler                              0x08002a17   Thumb Code     2  stm32l0xx_it.o(.text.SVC_Handler)
    SysTick_Handler                          0x08002a19   Thumb Code     8  stm32l0xx_it.o(.text.SysTick_Handler)
    SystemInit                               0x08002a21   Thumb Code     2  system_stm32l0xx.o(.text.SystemInit)
    UART_AdvFeatureConfig                    0x08002a23   Thumb Code   210  stm32l0xx_hal_uart.o(.text.UART_AdvFeatureConfig)
    UART_CheckIdleState                      0x08002af5   Thumb Code   204  stm32l0xx_hal_uart.o(.text.UART_CheckIdleState)
    UART_SetConfig                           0x08002bc5   Thumb Code   484  stm32l0xx_hal_uart.o(.text.UART_SetConfig)
    UART_WaitOnFlagUntilTimeout              0x08002df1   Thumb Code   444  stm32l0xx_hal_uart.o(.text.UART_WaitOnFlagUntilTimeout)
    lcd_clear                                0x08002fad   Thumb Code    48  i2c_lcd.o(.text.lcd_clear)
    lcd_init                                 0x08002fdd   Thumb Code   356  i2c_lcd.o(.text.lcd_init)
    lcd_put_cur                              0x08003141   Thumb Code    68  i2c_lcd.o(.text.lcd_put_cur)
    lcd_send_string                          0x08003185   Thumb Code    72  i2c_lcd.o(.text.lcd_send_string)
    main                                     0x080031d1   Thumb Code  2744  main.o(.text.main)
    __aeabi_uidiv                            0x08003cf5   Thumb Code    68  aeabi_sdivfast.o(.text_divfast)
    __aeabi_idiv                             0x08003d39   Thumb Code   434  aeabi_sdivfast.o(.text_divfast)
    __aeabi_fcmpge                           0x08003eeb   Thumb Code     0  fcmp.o(i._fgeq)
    _fgeq                                    0x08003eeb   Thumb Code    22  fcmp.o(i._fgeq)
    __aeabi_fcmpgt                           0x08003f01   Thumb Code     0  fcmp.o(i._fgr)
    _fgr                                     0x08003f01   Thumb Code    22  fcmp.o(i._fgr)
    __aeabi_fcmplt                           0x08003f17   Thumb Code     0  fcmp.o(i._fls)
    _fls                                     0x08003f17   Thumb Code    22  fcmp.o(i._fls)
    _is_digit                                0x08003f2d   Thumb Code    14  __printf_wp.o(i._is_digit)
    __aeabi_fadd                             0x08003f3d   Thumb Code     0  faddsub.o(x$fpl$fadd)
    _fadd                                    0x08003f3d   Thumb Code   134  faddsub.o(x$fpl$fadd)
    _fcmpge                                  0x08003fc9   Thumb Code    78  fgef.o(x$fpl$fgeqf)
    __aeabi_cfcmple                          0x0800401d   Thumb Code     0  flef.o(x$fpl$fleqf)
    _fcmple                                  0x0800401d   Thumb Code    78  flef.o(x$fpl$fleqf)
    __aeabi_fmul                             0x08004071   Thumb Code     0  fmul.o(x$fpl$fmul)
    _fmul                                    0x08004071   Thumb Code   172  fmul.o(x$fpl$fmul)
    __aeabi_fsub                             0x08004121   Thumb Code     0  faddsub.o(x$fpl$fsub)
    _fsub                                    0x08004121   Thumb Code   204  faddsub.o(x$fpl$fsub)
    __I$use$fp                               0x080041f0   Number         0  usenofp.o(x$fpl$usenofp)
    AHBPrescTable                            0x08004241   Data          16  system_stm32l0xx.o(.rodata.AHBPrescTable)
    APBPrescTable                            0x08004251   Data           8  system_stm32l0xx.o(.rodata.APBPrescTable)
    PLLMulTable                              0x08004259   Data           9  system_stm32l0xx.o(.rodata.PLLMulTable)
    Region$$Table$$Base                      0x080042c4   Number         0  anon$$obj.o(Region$$Table)
    Region$$Table$$Limit                     0x080042e4   Number         0  anon$$obj.o(Region$$Table)
    uwTickFreq                               0x20000000   Data           1  stm32l0xx_hal.o(.data..L_MergedGlobals)
    uwTickPrio                               0x20000004   Data           4  stm32l0xx_hal.o(.data..L_MergedGlobals)
    SystemCoreClock                          0x20000008   Data           4  system_stm32l0xx.o(.data.SystemCoreClock)
    __libspace_start                         0x20000010   Data          96  libspace.o(.bss)
    __temporary_stack_top$libspace           0x20000070   Data           0  libspace.o(.bss)
    hi2c1                                    0x20000074   Data          84  main.o(.bss..L_MergedGlobals)
    hadc                                     0x200000c8   Data          92  main.o(.bss.hadc)
    huart2                                   0x20000124   Data         136  main.o(.bss.huart2)
    uwTick                                   0x200001ac   Data           4  stm32l0xx_hal.o(.bss.uwTick)



==============================================================================

Memory Map of the image

  Image Entry point : 0x080000c1

  Load Region LR_IROM1 (Base: 0x08000000, Size: 0x000042f8, Max: 0x00030000, ABSOLUTE)

    Execution Region ER_IROM1 (Exec base: 0x08000000, Load base: 0x08000000, Size: 0x000042e4, Max: 0x00030000, ABSOLUTE)

    Exec Addr    Load Addr    Size         Type   Attr      Idx    E Section Name        Object

    0x08000000   0x08000000   0x000000c0   Data   RO            3    RESET               startup_stm32l073xx.o
    0x080000c0   0x080000c0   0x00000008   Code   RO         1014  * !!!main             c_p.l(__main.o)
    0x080000c8   0x080000c8   0x00000054   Code   RO         1266    !!!scatter          c_p.l(__scatter.o)
    0x0800011c   0x0800011c   0x0000001a   Code   RO         1270    !!handler_copy      c_p.l(__scatter_copy.o)
    0x08000136   0x08000136   0x00000002   PAD
    0x08000138   0x08000138   0x00000002   Code   RO         1267    !!handler_null      c_p.l(__scatter.o)
    0x0800013a   0x0800013a   0x00000002   PAD
    0x0800013c   0x0800013c   0x0000001c   Code   RO         1272    !!handler_zi        c_p.l(__scatter_zi.o)
    0x08000158   0x08000158   0x00000002   Code   RO          999    .ARM.Collect$$_printf_percent$$00000000  c_p.l(_printf_percent.o)
    0x0800015a   0x0800015a   0x0000000a   Code   RO          998    .ARM.Collect$$_printf_percent$$00000009  c_p.l(_printf_d.o)
    0x08000164   0x08000164   0x00000004   Code   RO         1076    .ARM.Collect$$_printf_percent$$00000017  c_p.l(_printf_percent_end.o)
    0x08000168   0x08000168   0x00000002   Code   RO         1121    .ARM.Collect$$libinit$$00000000  c_p.l(libinit.o)
    0x0800016a   0x0800016a   0x00000000   Code   RO         1139    .ARM.Collect$$libinit$$00000002  c_p.l(libinit2.o)
    0x0800016a   0x0800016a   0x00000000   Code   RO         1141    .ARM.Collect$$libinit$$00000004  c_p.l(libinit2.o)
    0x0800016a   0x0800016a   0x00000000   Code   RO         1143    .ARM.Collect$$libinit$$00000006  c_p.l(libinit2.o)
    0x0800016a   0x0800016a   0x00000000   Code   RO         1146    .ARM.Collect$$libinit$$0000000C  c_p.l(libinit2.o)
    0x0800016a   0x0800016a   0x00000000   Code   RO         1148    .ARM.Collect$$libinit$$0000000E  c_p.l(libinit2.o)
    0x0800016a   0x0800016a   0x00000000   Code   RO         1150    .ARM.Collect$$libinit$$00000010  c_p.l(libinit2.o)
    0x0800016a   0x0800016a   0x00000000   Code   RO         1153    .ARM.Collect$$libinit$$00000013  c_p.l(libinit2.o)
    0x0800016a   0x0800016a   0x00000000   Code   RO         1155    .ARM.Collect$$libinit$$00000015  c_p.l(libinit2.o)
    0x0800016a   0x0800016a   0x00000000   Code   RO         1157    .ARM.Collect$$libinit$$00000017  c_p.l(libinit2.o)
    0x0800016a   0x0800016a   0x00000000   Code   RO         1159    .ARM.Collect$$libinit$$00000019  c_p.l(libinit2.o)
    0x0800016a   0x0800016a   0x00000000   Code   RO         1161    .ARM.Collect$$libinit$$0000001B  c_p.l(libinit2.o)
    0x0800016a   0x0800016a   0x00000000   Code   RO         1163    .ARM.Collect$$libinit$$0000001D  c_p.l(libinit2.o)
    0x0800016a   0x0800016a   0x00000000   Code   RO         1165    .ARM.Collect$$libinit$$0000001F  c_p.l(libinit2.o)
    0x0800016a   0x0800016a   0x00000000   Code   RO         1167    .ARM.Collect$$libinit$$00000021  c_p.l(libinit2.o)
    0x0800016a   0x0800016a   0x00000000   Code   RO         1169    .ARM.Collect$$libinit$$00000023  c_p.l(libinit2.o)
    0x0800016a   0x0800016a   0x00000000   Code   RO         1171    .ARM.Collect$$libinit$$00000025  c_p.l(libinit2.o)
    0x0800016a   0x0800016a   0x00000000   Code   RO         1173    .ARM.Collect$$libinit$$00000027  c_p.l(libinit2.o)
    0x0800016a   0x0800016a   0x00000000   Code   RO         1177    .ARM.Collect$$libinit$$0000002E  c_p.l(libinit2.o)
    0x0800016a   0x0800016a   0x00000000   Code   RO         1179    .ARM.Collect$$libinit$$00000030  c_p.l(libinit2.o)
    0x0800016a   0x0800016a   0x00000000   Code   RO         1181    .ARM.Collect$$libinit$$00000032  c_p.l(libinit2.o)
    0x0800016a   0x0800016a   0x00000000   Code   RO         1183    .ARM.Collect$$libinit$$00000034  c_p.l(libinit2.o)
    0x0800016a   0x0800016a   0x00000002   Code   RO         1184    .ARM.Collect$$libinit$$00000035  c_p.l(libinit2.o)
    0x0800016c   0x0800016c   0x00000002   Code   RO         1221    .ARM.Collect$$libshutdown$$00000000  c_p.l(libshutdown.o)
    0x0800016e   0x0800016e   0x00000000   Code   RO         1249    .ARM.Collect$$libshutdown$$00000002  c_p.l(libshutdown2.o)
    0x0800016e   0x0800016e   0x00000000   Code   RO         1251    .ARM.Collect$$libshutdown$$00000004  c_p.l(libshutdown2.o)
    0x0800016e   0x0800016e   0x00000000   Code   RO         1254    .ARM.Collect$$libshutdown$$00000007  c_p.l(libshutdown2.o)
    0x0800016e   0x0800016e   0x00000000   Code   RO         1257    .ARM.Collect$$libshutdown$$0000000A  c_p.l(libshutdown2.o)
    0x0800016e   0x0800016e   0x00000000   Code   RO         1259    .ARM.Collect$$libshutdown$$0000000C  c_p.l(libshutdown2.o)
    0x0800016e   0x0800016e   0x00000000   Code   RO         1262    .ARM.Collect$$libshutdown$$0000000F  c_p.l(libshutdown2.o)
    0x0800016e   0x0800016e   0x00000002   Code   RO         1263    .ARM.Collect$$libshutdown$$00000010  c_p.l(libshutdown2.o)
    0x08000170   0x08000170   0x00000000   Code   RO         1061    .ARM.Collect$$rtentry$$00000000  c_p.l(__rtentry.o)
    0x08000170   0x08000170   0x00000000   Code   RO         1087    .ARM.Collect$$rtentry$$00000002  c_p.l(__rtentry2.o)
    0x08000170   0x08000170   0x00000006   Code   RO         1099    .ARM.Collect$$rtentry$$00000004  c_p.l(__rtentry4.o)
    0x08000176   0x08000176   0x00000000   Code   RO         1089    .ARM.Collect$$rtentry$$00000009  c_p.l(__rtentry2.o)
    0x08000176   0x08000176   0x00000004   Code   RO         1090    .ARM.Collect$$rtentry$$0000000A  c_p.l(__rtentry2.o)
    0x0800017a   0x0800017a   0x00000000   Code   RO         1092    .ARM.Collect$$rtentry$$0000000C  c_p.l(__rtentry2.o)
    0x0800017a   0x0800017a   0x00000008   Code   RO         1093    .ARM.Collect$$rtentry$$0000000D  c_p.l(__rtentry2.o)
    0x08000182   0x08000182   0x00000002   Code   RO         1130    .ARM.Collect$$rtexit$$00000000  c_p.l(rtexit.o)
    0x08000184   0x08000184   0x00000000   Code   RO         1192    .ARM.Collect$$rtexit$$00000002  c_p.l(rtexit2.o)
    0x08000184   0x08000184   0x00000004   Code   RO         1193    .ARM.Collect$$rtexit$$00000003  c_p.l(rtexit2.o)
    0x08000188   0x08000188   0x00000006   Code   RO         1194    .ARM.Collect$$rtexit$$00000004  c_p.l(rtexit2.o)
    0x0800018e   0x0800018e   0x00000002   PAD
    0x08000190   0x08000190   0x00000038   Code   RO            4    .text               startup_stm32l073xx.o
    0x080001c8   0x080001c8   0x00000110   Code   RO          966    .text               c_p.l(lludiv.o)
    0x080002d8   0x080002d8   0x00000028   Code   RO          970    .text               c_p.l(noretval__2sprintf.o)
    0x08000300   0x08000300   0x0000004e   Code   RO          974    .text               c_p.l(_printf_pad.o)
    0x0800034e   0x0800034e   0x00000002   PAD
    0x08000350   0x08000350   0x0000006c   Code   RO          976    .text               c_p.l(_printf_dec.o)
    0x080003bc   0x080003bc   0x00000138   Code   RO          990    .text               c_p.l(__printf_flags_wp.o)
    0x080004f4   0x080004f4   0x00000044   Code   RO         1000    .text               c_p.l(strlen.o)
    0x08000538   0x08000538   0x00000040   Code   RO         1002    .text               c_p.l(rt_memclr.o)
    0x08000578   0x08000578   0x00000006   Code   RO         1012    .text               c_p.l(heapauxi.o)
    0x0800057e   0x0800057e   0x00000002   PAD
    0x08000580   0x08000580   0x0000006c   Code   RO         1016    .text               fz_ps.l(dfixi.o)
    0x080005ec   0x080005ec   0x00000248   Code   RO         1018    .text               fz_ps.l(dmul.o)
    0x08000834   0x08000834   0x00000054   Code   RO         1020    .text               fz_ps.l(f2d.o)
    0x08000888   0x08000888   0x00000160   Code   RO         1052    .text               fz_ps.l(fdiv.o)
    0x080009e8   0x080009e8   0x0000004c   Code   RO         1055    .text               fz_ps.l(ffixi.o)
    0x08000a34   0x08000a34   0x0000005e   Code   RO         1057    .text               fz_ps.l(fflti.o)
    0x08000a92   0x08000a92   0x000000b0   Code   RO         1070    .text               c_p.l(_printf_intcommon.o)
    0x08000b42   0x08000b42   0x00000002   PAD
    0x08000b44   0x08000b44   0x00000030   Code   RO         1072    .text               c_p.l(_printf_char_common.o)
    0x08000b74   0x08000b74   0x0000000a   Code   RO         1074    .text               c_p.l(_sputc.o)
    0x08000b7e   0x08000b7e   0x00000028   Code   RO         1077    .text               c_p.l(rtudiv10.o)
    0x08000ba6   0x08000ba6   0x00000002   PAD
    0x08000ba8   0x08000ba8   0x00000064   Code   RO         1105    .text               fz_ps.l(fcmpin.o)
    0x08000c0c   0x08000c0c   0x0000003e   Code   RO         1107    .text               c_p.l(sys_stackheap_outer.o)
    0x08000c4a   0x08000c4a   0x00000010   Code   RO         1110    .text               c_p.l(exit.o)
    0x08000c5a   0x08000c5a   0x0000002e   Code   RO         1122    .text               fz_ps.l(cmpret.o)
    0x08000c88   0x08000c88   0x00000010   Code   RO         1124    .text               fz_ps.l(fnan2.o)
    0x08000c98   0x08000c98   0x00000008   Code   RO         1126    .text               c_p.l(libspace.o)
    0x08000ca0   0x08000ca0   0x0000005e   Code   RO         1185    .text               fz_ps.l(retnan.o)
    0x08000cfe   0x08000cfe   0x00000002   PAD
    0x08000d00   0x08000d00   0x0000000c   Code   RO         1187    .text               c_p.l(sys_exit.o)
    0x08000d0c   0x08000d0c   0x00000002   Code   RO         1210    .text               c_p.l(use_no_semi.o)
    0x08000d0e   0x08000d0e   0x00000000   Code   RO         1212    .text               c_p.l(indicate_semi.o)
    0x08000d0e   0x08000d0e   0x00000002   PAD
    0x08000d10   0x08000d10   0x000000c0   Code   RO           99    .text.ADC_Enable    stm32l0xx_hal_adc.o
    0x08000dd0   0x08000dd0   0x0000011c   Code   RO          133    .text.HAL_ADC_ConfigChannel  stm32l0xx_hal_adc.o
    0x08000eec   0x08000eec   0x00000006   Code   RO          121    .text.HAL_ADC_GetValue  stm32l0xx_hal_adc.o
    0x08000ef2   0x08000ef2   0x00000002   PAD
    0x08000ef4   0x08000ef4   0x000001c0   Code   RO           89    .text.HAL_ADC_Init  stm32l0xx_hal_adc.o
    0x080010b4   0x080010b4   0x00000058   Code   RO           69    .text.HAL_ADC_MspInit  stm32l0xx_hal_msp.o
    0x0800110c   0x0800110c   0x00000128   Code   RO          103    .text.HAL_ADC_PollForConversion  stm32l0xx_hal_adc.o
    0x08001234   0x08001234   0x00000064   Code   RO           97    .text.HAL_ADC_Start  stm32l0xx_hal_adc.o
    0x08001298   0x08001298   0x000000c6   Code   RO          101    .text.HAL_ADC_Stop  stm32l0xx_hal_adc.o
    0x0800135e   0x0800135e   0x00000002   PAD
    0x08001360   0x08001360   0x00000024   Code   RO          191    .text.HAL_Delay     stm32l0xx_hal.o
    0x08001384   0x08001384   0x0000018c   Code   RO          594    .text.HAL_GPIO_Init  stm32l0xx_hal_gpio.o
    0x08001510   0x08001510   0x00000010   Code   RO          600    .text.HAL_GPIO_WritePin  stm32l0xx_hal_gpio.o
    0x08001520   0x08001520   0x00000008   Code   RO          183    .text.HAL_GetTick   stm32l0xx_hal.o
    0x08001528   0x08001528   0x00000042   Code   RO          397    .text.HAL_I2CEx_ConfigAnalogFilter  stm32l0xx_hal_i2c_ex.o
    0x0800156a   0x0800156a   0x00000042   Code   RO          399    .text.HAL_I2CEx_ConfigDigitalFilter  stm32l0xx_hal_i2c_ex.o
    0x080015ac   0x080015ac   0x000000b4   Code   RO          243    .text.HAL_I2C_Init  stm32l0xx_hal_i2c.o
    0x08001660   0x08001660   0x000001d0   Code   RO          251    .text.HAL_I2C_Master_Transmit  stm32l0xx_hal_i2c.o
    0x08001830   0x08001830   0x00000064   Code   RO           73    .text.HAL_I2C_MspInit  stm32l0xx_hal_msp.o
    0x08001894   0x08001894   0x00000014   Code   RO          181    .text.HAL_IncTick   stm32l0xx_hal.o
    0x080018a8   0x080018a8   0x00000028   Code   RO          171    .text.HAL_Init      stm32l0xx_hal.o
    0x080018d0   0x080018d0   0x00000044   Code   RO          173    .text.HAL_InitTick  stm32l0xx_hal.o
    0x08001914   0x08001914   0x00000018   Code   RO           67    .text.HAL_MspInit   stm32l0xx_hal_msp.o
    0x0800192c   0x0800192c   0x00000038   Code   RO          714    .text.HAL_NVIC_SetPriority  stm32l0xx_hal_cortex.o
    0x08001964   0x08001964   0x00000238   Code   RO          451    .text.HAL_RCCEx_PeriphCLKConfig  stm32l0xx_hal_rcc_ex.o
    0x08001b9c   0x08001b9c   0x00000208   Code   RO          423    .text.HAL_RCC_ClockConfig  stm32l0xx_hal_rcc.o
    0x08001da4   0x08001da4   0x00000014   Code   RO          431    .text.HAL_RCC_GetPCLK1Freq  stm32l0xx_hal_rcc.o
    0x08001db8   0x08001db8   0x00000020   Code   RO          433    .text.HAL_RCC_GetPCLK2Freq  stm32l0xx_hal_rcc.o
    0x08001dd8   0x08001dd8   0x00000078   Code   RO          421    .text.HAL_RCC_GetSysClockFreq  stm32l0xx_hal_rcc.o
    0x08001e50   0x08001e50   0x0000058c   Code   RO          419    .text.HAL_RCC_OscConfig  stm32l0xx_hal_rcc.o
    0x080023dc   0x080023dc   0x00000034   Code   RO          722    .text.HAL_SYSTICK_Config  stm32l0xx_hal_cortex.o
    0x08002410   0x08002410   0x0000006e   Code   RO          782    .text.HAL_UART_Init  stm32l0xx_hal_uart.o
    0x0800247e   0x0800247e   0x00000002   PAD
    0x08002480   0x08002480   0x00000060   Code   RO           77    .text.HAL_UART_MspInit  stm32l0xx_hal_msp.o
    0x080024e0   0x080024e0   0x0000018c   Code   RO          802    .text.HAL_UART_Transmit  stm32l0xx_hal_uart.o
    0x0800266c   0x0800266c   0x00000002   Code   RO           52    .text.HardFault_Handler  stm32l0xx_it.o
    0x0800266e   0x0800266e   0x00000002   PAD
    0x08002670   0x08002670   0x0000017c   Code   RO          387    .text.I2C_IsErrorOccurred  stm32l0xx_hal_i2c.o
    0x080027ec   0x080027ec   0x000000fa   Code   RO          253    .text.I2C_WaitOnFlagUntilTimeout  stm32l0xx_hal_i2c.o
    0x080028e6   0x080028e6   0x00000086   Code   RO          257    .text.I2C_WaitOnSTOPFlagUntilTimeout  stm32l0xx_hal_i2c.o
    0x0800296c   0x0800296c   0x000000a6   Code   RO          255    .text.I2C_WaitOnTXISFlagUntilTimeout  stm32l0xx_hal_i2c.o
    0x08002a12   0x08002a12   0x00000002   Code   RO           50    .text.NMI_Handler   stm32l0xx_it.o
    0x08002a14   0x08002a14   0x00000002   Code   RO           56    .text.PendSV_Handler  stm32l0xx_it.o
    0x08002a16   0x08002a16   0x00000002   Code   RO           54    .text.SVC_Handler   stm32l0xx_it.o
    0x08002a18   0x08002a18   0x00000008   Code   RO           58    .text.SysTick_Handler  stm32l0xx_it.o
    0x08002a20   0x08002a20   0x00000002   Code   RO          949    .text.SystemInit    system_stm32l0xx.o
    0x08002a22   0x08002a22   0x000000d2   Code   RO          786    .text.UART_AdvFeatureConfig  stm32l0xx_hal_uart.o
    0x08002af4   0x08002af4   0x000000d0   Code   RO          790    .text.UART_CheckIdleState  stm32l0xx_hal_uart.o
    0x08002bc4   0x08002bc4   0x0000022c   Code   RO          788    .text.UART_SetConfig  stm32l0xx_hal_uart.o
    0x08002df0   0x08002df0   0x000001bc   Code   RO          804    .text.UART_WaitOnFlagUntilTimeout  stm32l0xx_hal_uart.o
    0x08002fac   0x08002fac   0x00000030   Code   RO           15    .text.lcd_clear     i2c_lcd.o
    0x08002fdc   0x08002fdc   0x00000164   Code   RO           19    .text.lcd_init      i2c_lcd.o
    0x08003140   0x08003140   0x00000044   Code   RO           17    .text.lcd_put_cur   i2c_lcd.o
    0x08003184   0x08003184   0x0000004c   Code   RO           21    .text.lcd_send_string  i2c_lcd.o
    0x080031d0   0x080031d0   0x00000b24   Code   RO           31    .text.main          main.o
    0x08003cf4   0x08003cf4   0x000001f6   Code   RO         1005    .text_divfast       c_p.l(aeabi_sdivfast.o)
    0x08003eea   0x08003eea   0x00000016   Code   RO         1035    i._fgeq             fz_ps.l(fcmp.o)
    0x08003f00   0x08003f00   0x00000016   Code   RO         1036    i._fgr              fz_ps.l(fcmp.o)
    0x08003f16   0x08003f16   0x00000016   Code   RO         1038    i._fls              fz_ps.l(fcmp.o)
    0x08003f2c   0x08003f2c   0x0000000e   Code   RO          988    i._is_digit         c_p.l(__printf_wp.o)
    0x08003f3a   0x08003f3a   0x00000002   PAD
    0x08003f3c   0x08003f3c   0x0000008c   Code   RO         1022    x$fpl$fadd          fz_ps.l(faddsub.o)
    0x08003fc8   0x08003fc8   0x00000054   Code   RO         1081    x$fpl$fgeqf         fz_ps.l(fgef.o)
    0x0800401c   0x0800401c   0x00000054   Code   RO         1083    x$fpl$fleqf         fz_ps.l(flef.o)
    0x08004070   0x08004070   0x000000b0   Code   RO         1059    x$fpl$fmul          fz_ps.l(fmul.o)
    0x08004120   0x08004120   0x000000d0   Code   RO         1024    x$fpl$fsub          fz_ps.l(faddsub.o)
    0x080041f0   0x080041f0   0x00000000   Code   RO         1085    x$fpl$usenofp       fz_ps.l(usenofp.o)
    0x080041f0   0x080041f0   0x00000011   Data   RO          991    .constdata          c_p.l(__printf_flags_wp.o)
    0x08004201   0x08004201   0x00000040   Data   RO         1053    .constdata          fz_ps.l(fdiv.o)
    0x08004241   0x08004241   0x00000010   Data   RO          954    .rodata.AHBPrescTable  system_stm32l0xx.o
    0x08004251   0x08004251   0x00000008   Data   RO          955    .rodata.APBPrescTable  system_stm32l0xx.o
    0x08004259   0x08004259   0x00000009   Data   RO          956    .rodata.PLLMulTable  system_stm32l0xx.o
    0x08004262   0x08004262   0x00000002   PAD
    0x08004264   0x08004264   0x00000010   Data   RO          908    .rodata.cst16       stm32l0xx_hal_uart.o
    0x08004274   0x08004274   0x0000004d   Data   RO           38    .rodata.str1.1      main.o
    0x080042c1   0x080042c1   0x00000003   PAD
    0x080042c4   0x080042c4   0x00000020   Data   RO         1265    Region$$Table       anon$$obj.o


    Execution Region RW_IRAM1 (Exec base: 0x20000000, Load base: 0x080042e8, Size: 0x000007b0, Max: 0x00005000, ABSOLUTE)

    Exec Addr    Load Addr    Size         Type   Attr      Idx    E Section Name        Object

    0x20000000   0x080042e8   0x00000008   Data   RW          234    .data..L_MergedGlobals  stm32l0xx_hal.o
    0x20000008   0x080042f0   0x00000004   Data   RW          953    .data.SystemCoreClock  system_stm32l0xx.o
    0x2000000c   0x080042f4   0x00000004   PAD
    0x20000010        -       0x00000060   Zero   RW         1127    .bss                c_p.l(libspace.o)
    0x20000070        -       0x00000058   Zero   RW           41    .bss..L_MergedGlobals  main.o
    0x200000c8        -       0x0000005c   Zero   RW           37    .bss.hadc           main.o
    0x20000124        -       0x00000088   Zero   RW           39    .bss.huart2         main.o
    0x200001ac        -       0x00000004   Zero   RW          233    .bss.uwTick         stm32l0xx_hal.o
    0x200001b0        -       0x00000200   Zero   RW            2    HEAP                startup_stm32l073xx.o
    0x200003b0        -       0x00000400   Zero   RW            1    STACK               startup_stm32l073xx.o


==============================================================================

Image component sizes


      Code (inc. data)   RO Data    RW Data    ZI Data      Debug   Object Name

       548          4          0          0          0       5408   i2c_lcd.o
      2852        208         77          0        316      15284   main.o
        56         26        192          0       1536        660   startup_stm32l073xx.o
       172         20          0          8          4       6900   stm32l0xx_hal.o
      1524         40          0          0          0      14494   stm32l0xx_hal_adc.o
       108         20          0          0          0       6972   stm32l0xx_hal_cortex.o
       412         16          0          0          0       5118   stm32l0xx_hal_gpio.o
      1574         32          0          0          0      68839   stm32l0xx_hal_i2c.o
       132          0          0          0          0       5412   stm32l0xx_hal_i2c_ex.o
       308         32          0          0          0       8360   stm32l0xx_hal_msp.o
      2112        104          0          0          0      10097   stm32l0xx_hal_rcc.o
       568          8          0          0          0       8767   stm32l0xx_hal_rcc_ex.o
      1924        110         16          0          0      43205   stm32l0xx_hal_uart.o
        16          0          0          0          0        741   stm32l0xx_it.o
         2          0         33          4          0       2162   system_stm32l0xx.o

    ----------------------------------------------------------------------
     12316        620        355         12       1860     202419   Object Totals
         0          0         32          0          0          0   (incl. Generated)
         8          0          5          0          4          0   (incl. Padding)

    ----------------------------------------------------------------------

      Code (inc. data)   RO Data    RW Data    ZI Data      Debug   Library Member Name

         8          0          0          0          0         68   __main.o
       312          6         17          0          0         76   __printf_flags_wp.o
        14          0          0          0          0         60   __printf_wp.o
         0          0          0          0          0          0   __rtentry.o
        12          0          0          0          0          0   __rtentry2.o
         6          0          0          0          0          0   __rtentry4.o
        86         10          0          0          0          0   __scatter.o
        26          0          0          0          0          0   __scatter_copy.o
        28          0          0          0          0          0   __scatter_zi.o
        48          6          0          0          0         88   _printf_char_common.o
        10          0          0          0          0          0   _printf_d.o
       108         18          0          0          0         76   _printf_dec.o
       176          0          0          0          0         84   _printf_intcommon.o
        78          0          0          0          0        100   _printf_pad.o
         2          0          0          0          0          0   _printf_percent.o
         4          0          0          0          0          0   _printf_percent_end.o
        10          0          0          0          0         60   _sputc.o
       502          0          0          0          0         92   aeabi_sdivfast.o
        16          0          0          0          0         68   exit.o
         6          0          0          0          0        136   heapauxi.o
         0          0          0          0          0          0   indicate_semi.o
         2          0          0          0          0          0   libinit.o
         2          0          0          0          0          0   libinit2.o
         2          0          0          0          0          0   libshutdown.o
         2          0          0          0          0          0   libshutdown2.o
         8          4          0          0         96         68   libspace.o
       272          0          0          0          0         88   lludiv.o
        40          4          0          0          0         84   noretval__2sprintf.o
        64          0          0          0          0        108   rt_memclr.o
         2          0          0          0          0          0   rtexit.o
        10          0          0          0          0          0   rtexit2.o
        40          0          0          0          0         60   rtudiv10.o
        68          6          0          0          0         72   strlen.o
        12          4          0          0          0         60   sys_exit.o
        62          0          0          0          0         80   sys_stackheap_outer.o
         2          0          0          0          0         68   use_no_semi.o
        46          0          0          0          0         60   cmpret.o
       108         10          0          0          0         72   dfixi.o
       584         26          0          0          0         84   dmul.o
        84          4          0          0          0         60   f2d.o
       348          8          0          0          0        160   faddsub.o
        66          0          0          0          0        204   fcmp.o
       100          4          0          0          0         68   fcmpin.o
       352         10         64          0          0         92   fdiv.o
        76          0          0          0          0         68   ffixi.o
        94          0          0          0          0         92   fflti.o
        84          4          0          0          0         76   fgef.o
        84          4          0          0          0         76   flef.o
       176          4          0          0          0         80   fmul.o
        16          6          0          0          0         68   fnan2.o
        94          0          0          0          0         68   retnan.o
         0          0          0          0          0          0   usenofp.o

    ----------------------------------------------------------------------
      4372        138         81          0         96       2924   Library Totals
        20          0          0          0          0          0   (incl. Padding)

    ----------------------------------------------------------------------

      Code (inc. data)   RO Data    RW Data    ZI Data      Debug   Library Name

      2040         58         17          0         96       1596   c_p.l
      2312         80         64          0          0       1328   fz_ps.l

    ----------------------------------------------------------------------
      4372        138         81          0         96       2924   Library Totals

    ----------------------------------------------------------------------

==============================================================================


      Code (inc. data)   RO Data    RW Data    ZI Data      Debug   

     16688        758        436         12       1956     203647   Grand Totals
     16688        758        436         12       1956     203647   ELF Image Totals
     16688        758        436         12          0          0   ROM Totals

==============================================================================

    Total RO  Size (Code + RO Data)                17124 (  16.72kB)
    Total RW  Size (RW Data + ZI Data)              1968 (   1.92kB)
    Total ROM Size (Code + RO Data + RW Data)      17136 (  16.73kB)

==============================================================================

