<html>
<body>
<pre>
<h1>µVision Build Log</h1>
<h2>Tool Versions:</h2>
IDE-Version: µVision V5.43.1.0
Copyright (C) 2025 ARM Ltd and ARM Germany GmbH. All rights reserved.
License Information: Nedas Tarvydas
ktu
User-based license: Keil MDK Community (non-commercial free of charge)
Valid until: Jun 1 2033. Cached until: May 11 2026
 
Tool Versions:
Toolchain:       Keil MDK Community (non-commercial free of charge  Version: 5.43.0.0
Toolchain Path:  C:\Users\Nedas\AppData\Local\Keil_v5\ARM\ARMCLANG\Bin
C Compiler:      ArmClang.exe V6.24
Assembler:       Armasm.exe V6.24
Linker/Locator:  ArmLink.exe V6.24
Library Manager: ArmAr.exe V6.24
Hex Converter:   FromElf.exe V6.24
CPU DLL:         SARMCM3.DLL V5.43.0.0
Dialog DLL:      DARMCM1.DLL V1.19.6.0
Target DLL:      STLink\ST-LINKIII-KEIL_SWO.dll V3.3.1.0
Dialog DLL:      TARMCM1.DLL V1.14.6.0
 
<h2>Project:</h2>
C:\Users\Nedas\Desktop\3.2\Iterptines sistemos\Projektas\NUCLEO-L073RZ_Projektas\MDK-ARM\NUCLEO-L073RZ_Projektas.uvprojx
Project File Date:  05/01/2026

<h2>Output:</h2>
*** Using Compiler 'V6.24', folder: 'C:\Users\Nedas\AppData\Local\Keil_v5\ARM\ARMCLANG\Bin'
Build target 'NUCLEO-L073RZ_Projektas'
compiling main.c...
linking...
Program Size: Code=16584 RO-data=436 RW-data=12 ZI-data=1956  
FromELF: creating hex file...
"NUCLEO-L073RZ_Projektas\NUCLEO-L073RZ_Projektas.axf" - 0 Error(s), 0 Warning(s).

<h2>Software Packages used:</h2>

Package Vendor: ARM
                https://www.keil.com/pack/ARM.CMSIS.6.3.0.pack
                ARM::CMSIS@6.3.0
                CMSIS (Common Microcontroller Software Interface Standard)
   * Component: CORE Version: 6.2.0

Package Vendor: Keil
                https://www.keil.com/pack/Keil.STM32L0xx_DFP.3.1.0.pack
                Keil::STM32L0xx_DFP@3.1.0
                STMicroelectronics STM32L0 Series Device Support

<h2>Collection of Component include folders:</h2>
  ./RTE/_NUCLEO-L073RZ_Projektas
  C:/Users/Nedas/AppData/Local/Arm/Packs/ARM/CMSIS/6.3.0/CMSIS/Core/Include

<h2>Collection of Component Files used:</h2>

   * Component: ARM::CMSIS:CORE@6.2.0
      Include file:  CMSIS/Core/Include/tz_context.h
Build Time Elapsed:  00:00:00
</pre>
</body>
</html>
